::ffff:10.240.1.97 - - [13/Feb/2018:12:09:28 +0000] "GET /api/calculate_exchange?base=USD&target=EUR&amount=1 HTTP/1.1" 200 8 "https://coinwhipper-scaccoman.c9users.io/" "Mozilla/5.0 (Windows NT 10.0; Win64; x64) AppleWebKit/537.36 (KHTML, like Gecko) Chrome/64.0.3282.140 Safari/537.36"
::ffff:10.240.0.88 - - [13/Feb/2018:12:09:28 +0000] "GET /api/stats HTTP/1.1" 200 1468 "https://coinwhipper-scaccoman.c9users.io/" "Mozilla/5.0 (Windows NT 10.0; Win64; x64) AppleWebKit/537.36 (KHTML, like Gecko) Chrome/64.0.3282.140 Safari/537.36"
::ffff:10.240.1.220 - - [13/Feb/2018:12:09:28 +0000] "GET /static/js/main.38ecde94.js.map HTTP/1.1" 304 - "-" "Mozilla/5.0 (Windows NT 10.0; Win64; x64) AppleWebKit/537.36 (KHTML, like Gecko) Chrome/64.0.3282.140 Safari/537.36"
::ffff:10.240.0.88 - - [13/Feb/2018:12:09:46 +0000] "GET /api/calculate_exchange?base=USD&target=EUR&amount=123 HTTP/1.1" 200 9 "https://coinwhipper-scaccoman.c9users.io/" "Mozilla/5.0 (Windows NT 10.0; Win64; x64) AppleWebKit/537.36 (KHTML, like Gecko) Chrome/64.0.3282.140 Safari/537.36"
::ffff:10.240.1.189 - - [13/Feb/2018:12:09:46 +0000] "GET /api/stats HTTP/1.1" 200 1468 "https://coinwhipper-scaccoman.c9users.io/" "Mozilla/5.0 (Windows NT 10.0; Win64; x64) AppleWebKit/537.36 (KHTML, like Gecko) Chrome/64.0.3282.140 Safari/537.36"
::ffff:10.240.1.220 - - [13/Feb/2018:12:09:47 +0000] "GET /api/stats HTTP/1.1" 304 - "https://coinwhipper-scaccoman.c9users.io/" "Mozilla/5.0 (Windows NT 10.0; Win64; x64) AppleWebKit/537.36 (KHTML, like Gecko) Chrome/64.0.3282.140 Safari/537.36"
::ffff:10.240.1.189 - - [13/Feb/2018:12:09:47 +0000] "GET /api/stats HTTP/1.1" 304 - "https://coinwhipper-scaccoman.c9users.io/" "Mozilla/5.0 (Windows NT 10.0; Win64; x64) AppleWebKit/537.36 (KHTML, like Gecko) Chrome/64.0.3282.140 Safari/537.36"
::ffff:10.240.0.88 - - [13/Feb/2018:12:09:48 +0000] "GET /api/stats HTTP/1.1" 304 - "https://coinwhipper-scaccoman.c9users.io/" "Mozilla/5.0 (Windows NT 10.0; Win64; x64) AppleWebKit/537.36 (KHTML, like Gecko) Chrome/64.0.3282.140 Safari/537.36"
::ffff:10.240.0.88 - - [13/Feb/2018:12:09:48 +0000] "GET /api/stats HTTP/1.1" 304 - "https://coinwhipper-scaccoman.c9users.io/" "Mozilla/5.0 (Windows NT 10.0; Win64; x64) AppleWebKit/537.36 (KHTML, like Gecko) Chrome/64.0.3282.140 Safari/537.36"
::ffff:10.240.0.185 - - [13/Feb/2018:12:09:49 +0000] "GET /api/stats HTTP/1.1" 304 - "https://coinwhipper-scaccoman.c9users.io/" "Mozilla/5.0 (Windows NT 10.0; Win64; x64) AppleWebKit/537.36 (KHTML, like Gecko) Chrome/64.0.3282.140 Safari/537.36"
::ffff:10.240.0.227 - - [13/Feb/2018:12:11:32 +0000] "GET /api/calculate_exchange?base=USD&target=EUR&amount=123423433 HTTP/1.1" 200 16 "https://coinwhipper-scaccoman.c9users.io/" "Mozilla/5.0 (Windows NT 10.0; Win64; x64) AppleWebKit/537.36 (KHTML, like Gecko) Chrome/64.0.3282.140 Safari/537.36"
::ffff:10.240.1.220 - - [13/Feb/2018:12:11:33 +0000] "GET /api/stats HTTP/1.1" 200 1468 "https://coinwhipper-scaccoman.c9users.io/" "Mozilla/5.0 (Windows NT 10.0; Win64; x64) AppleWebKit/537.36 (KHTML, like Gecko) Chrome/64.0.3282.140 Safari/537.36"
::ffff:10.240.1.99 - - [13/Feb/2018:12:11:36 +0000] "GET /api/calculate_exchange?base=USD&target=EUR&amount=1234234332 HTTP/1.1" 200 18 "https://coinwhipper-scaccoman.c9users.io/" "Mozilla/5.0 (Windows NT 10.0; Win64; x64) AppleWebKit/537.36 (KHTML, like Gecko) Chrome/64.0.3282.140 Safari/537.36"
::ffff:10.240.0.88 - - [13/Feb/2018:12:11:37 +0000] "GET /api/stats HTTP/1.1" 200 1468 "https://coinwhipper-scaccoman.c9users.io/" "Mozilla/5.0 (Windows NT 10.0; Win64; x64) AppleWebKit/537.36 (KHTML, like Gecko) Chrome/64.0.3282.140 Safari/537.36"
::ffff:10.240.0.87 - - [13/Feb/2018:12:11:38 +0000] "GET / HTTP/1.1" 200 472 "https://ide.c9.io/scaccoman/coinwhipper" "Mozilla/5.0 (Windows NT 10.0; Win64; x64) AppleWebKit/537.36 (KHTML, like Gecko) Chrome/64.0.3282.140 Safari/537.36"
::ffff:10.240.1.99 - - [13/Feb/2018:12:11:38 +0000] "GET /static/js/main.38ecde94.js HTTP/1.1" 200 261265 "https://coinwhipper-scaccoman.c9users.io/" "Mozilla/5.0 (Windows NT 10.0; Win64; x64) AppleWebKit/537.36 (KHTML, like Gecko) Chrome/64.0.3282.140 Safari/537.36"
::ffff:10.240.0.222 - - [13/Feb/2018:12:11:38 +0000] "GET /style/style.css HTTP/1.1" 200 1270 "https://coinwhipper-scaccoman.c9users.io/" "Mozilla/5.0 (Windows NT 10.0; Win64; x64) AppleWebKit/537.36 (KHTML, like Gecko) Chrome/64.0.3282.140 Safari/537.36"
::ffff:10.240.0.222 - - [13/Feb/2018:12:11:38 +0000] "GET /static/css/main.a6b6d2d1.css HTTP/1.1" 200 8585 "https://coinwhipper-scaccoman.c9users.io/" "Mozilla/5.0 (Windows NT 10.0; Win64; x64) AppleWebKit/537.36 (KHTML, like Gecko) Chrome/64.0.3282.140 Safari/537.36"
::ffff:10.240.0.87 - - [13/Feb/2018:12:11:39 +0000] "GET /api/calculate_exchange?base=USD&target=EUR&amount=1 HTTP/1.1" 200 8 "https://coinwhipper-scaccoman.c9users.io/" "Mozilla/5.0 (Windows NT 10.0; Win64; x64) AppleWebKit/537.36 (KHTML, like Gecko) Chrome/64.0.3282.140 Safari/537.36"
::ffff:10.240.0.227 - - [13/Feb/2018:12:11:39 +0000] "GET /api/stats HTTP/1.1" 200 1468 "https://coinwhipper-scaccoman.c9users.io/" "Mozilla/5.0 (Windows NT 10.0; Win64; x64) AppleWebKit/537.36 (KHTML, like Gecko) Chrome/64.0.3282.140 Safari/537.36"
::ffff:10.240.1.99 - - [13/Feb/2018:12:11:39 +0000] "GET /static/js/main.38ecde94.js.map HTTP/1.1" 304 - "-" "Mozilla/5.0 (Windows NT 10.0; Win64; x64) AppleWebKit/537.36 (KHTML, like Gecko) Chrome/64.0.3282.140 Safari/537.36"
::ffff:10.240.0.88 - - [13/Feb/2018:12:11:39 +0000] "GET /static/css/main.a6b6d2d1.css.map HTTP/1.1" 304 - "-" "Mozilla/5.0 (Windows NT 10.0; Win64; x64) AppleWebKit/537.36 (KHTML, like Gecko) Chrome/64.0.3282.140 Safari/537.36"
::ffff:10.240.0.222 - - [13/Feb/2018:12:11:40 +0000] "GET /api/calculate_exchange?base=USD&target=EUR&amount=12 HTTP/1.1" 200 8 "https://coinwhipper-scaccoman.c9users.io/" "Mozilla/5.0 (Windows NT 10.0; Win64; x64) AppleWebKit/537.36 (KHTML, like Gecko) Chrome/64.0.3282.140 Safari/537.36"
::ffff:10.240.0.227 - - [13/Feb/2018:12:11:40 +0000] "GET /api/calculate_exchange?base=USD&target=EUR&amount=121 HTTP/1.1" 200 17 "https://coinwhipper-scaccoman.c9users.io/" "Mozilla/5.0 (Windows NT 10.0; Win64; x64) AppleWebKit/537.36 (KHTML, like Gecko) Chrome/64.0.3282.140 Safari/537.36"
::ffff:10.240.0.222 - - [13/Feb/2018:12:11:41 +0000] "GET /api/calculate_exchange?base=USD&target=EUR&amount=1213 HTTP/1.1" 200 10 "https://coinwhipper-scaccoman.c9users.io/" "Mozilla/5.0 (Windows NT 10.0; Win64; x64) AppleWebKit/537.36 (KHTML, like Gecko) Chrome/64.0.3282.140 Safari/537.36"
::ffff:10.240.0.222 - - [13/Feb/2018:12:11:41 +0000] "GET /api/stats HTTP/1.1" 200 1467 "https://coinwhipper-scaccoman.c9users.io/" "Mozilla/5.0 (Windows NT 10.0; Win64; x64) AppleWebKit/537.36 (KHTML, like Gecko) Chrome/64.0.3282.140 Safari/537.36"
::ffff:10.240.0.227 - - [13/Feb/2018:12:11:41 +0000] "GET /api/stats HTTP/1.1" 304 - "https://coinwhipper-scaccoman.c9users.io/" "Mozilla/5.0 (Windows NT 10.0; Win64; x64) AppleWebKit/537.36 (KHTML, like Gecko) Chrome/64.0.3282.140 Safari/537.36"
::ffff:10.240.0.227 - - [13/Feb/2018:12:11:41 +0000] "GET /api/stats HTTP/1.1" 304 - "https://coinwhipper-scaccoman.c9users.io/" "Mozilla/5.0 (Windows NT 10.0; Win64; x64) AppleWebKit/537.36 (KHTML, like Gecko) Chrome/64.0.3282.140 Safari/537.36"
::ffff:10.240.1.99 - - [13/Feb/2018:12:11:42 +0000] "GET /api/calculate_exchange?base=USD&target=EUR&amount=12132 HTTP/1.1" 200 17 "https://coinwhipper-scaccoman.c9users.io/" "Mozilla/5.0 (Windows NT 10.0; Win64; x64) AppleWebKit/537.36 (KHTML, like Gecko) Chrome/64.0.3282.140 Safari/537.36"
::ffff:10.240.0.222 - - [13/Feb/2018:12:11:42 +0000] "GET /api/calculate_exchange?base=USD&target=EUR&amount=121323 HTTP/1.1" 200 12 "https://coinwhipper-scaccoman.c9users.io/" "Mozilla/5.0 (Windows NT 10.0; Win64; x64) AppleWebKit/537.36 (KHTML, like Gecko) Chrome/64.0.3282.140 Safari/537.36"
::ffff:10.240.0.222 - - [13/Feb/2018:12:11:43 +0000] "GET /api/stats HTTP/1.1" 200 1467 "https://coinwhipper-scaccoman.c9users.io/" "Mozilla/5.0 (Windows NT 10.0; Win64; x64) AppleWebKit/537.36 (KHTML, like Gecko) Chrome/64.0.3282.140 Safari/537.36"
::ffff:10.240.0.222 - - [13/Feb/2018:12:11:43 +0000] "GET /api/stats HTTP/1.1" 304 - "https://coinwhipper-scaccoman.c9users.io/" "Mozilla/5.0 (Windows NT 10.0; Win64; x64) AppleWebKit/537.36 (KHTML, like Gecko) Chrome/64.0.3282.140 Safari/537.36"
::ffff:10.240.1.0 - - [13/Feb/2018:12:11:56 +0000] "GET / HTTP/1.1" 304 - "https://ide.c9.io/scaccoman/coinwhipper" "Mozilla/5.0 (Windows NT 10.0; Win64; x64) AppleWebKit/537.36 (KHTML, like Gecko) Chrome/64.0.3282.140 Safari/537.36"
::ffff:10.240.0.227 - - [13/Feb/2018:12:11:56 +0000] "GET /style/style.css HTTP/1.1" 304 - "https://coinwhipper-scaccoman.c9users.io/" "Mozilla/5.0 (Windows NT 10.0; Win64; x64) AppleWebKit/537.36 (KHTML, like Gecko) Chrome/64.0.3282.140 Safari/537.36"
::ffff:10.240.0.88 - - [13/Feb/2018:12:11:56 +0000] "GET /static/css/main.a6b6d2d1.css HTTP/1.1" 304 - "https://coinwhipper-scaccoman.c9users.io/" "Mozilla/5.0 (Windows NT 10.0; Win64; x64) AppleWebKit/537.36 (KHTML, like Gecko) Chrome/64.0.3282.140 Safari/537.36"
::ffff:10.240.1.220 - - [13/Feb/2018:12:11:56 +0000] "GET /static/js/main.38ecde94.js HTTP/1.1" 304 - "https://coinwhipper-scaccoman.c9users.io/" "Mozilla/5.0 (Windows NT 10.0; Win64; x64) AppleWebKit/537.36 (KHTML, like Gecko) Chrome/64.0.3282.140 Safari/537.36"
::ffff:10.240.0.227 - - [13/Feb/2018:12:11:56 +0000] "GET /api/stats HTTP/1.1" 304 - "https://coinwhipper-scaccoman.c9users.io/" "Mozilla/5.0 (Windows NT 10.0; Win64; x64) AppleWebKit/537.36 (KHTML, like Gecko) Chrome/64.0.3282.140 Safari/537.36"
::ffff:10.240.0.88 - - [13/Feb/2018:12:11:57 +0000] "GET /static/js/main.38ecde94.js.map HTTP/1.1" 304 - "-" "Mozilla/5.0 (Windows NT 10.0; Win64; x64) AppleWebKit/537.36 (KHTML, like Gecko) Chrome/64.0.3282.140 Safari/537.36"
::ffff:10.240.0.88 - - [13/Feb/2018:12:11:57 +0000] "GET /static/css/main.a6b6d2d1.css.map HTTP/1.1" 304 - "-" "Mozilla/5.0 (Windows NT 10.0; Win64; x64) AppleWebKit/537.36 (KHTML, like Gecko) Chrome/64.0.3282.140 Safari/537.36"
::ffff:10.240.0.88 - - [13/Feb/2018:12:11:57 +0000] "GET /api/calculate_exchange?base=USD&target=EUR&amount=1 HTTP/1.1" 304 - "https://coinwhipper-scaccoman.c9users.io/" "Mozilla/5.0 (Windows NT 10.0; Win64; x64) AppleWebKit/537.36 (KHTML, like Gecko) Chrome/64.0.3282.140 Safari/537.36"
::ffff:10.240.0.227 - - [13/Feb/2018:12:11:59 +0000] "GET /api/stats HTTP/1.1" 200 1467 "https://coinwhipper-scaccoman.c9users.io/" "Mozilla/5.0 (Windows NT 10.0; Win64; x64) AppleWebKit/537.36 (KHTML, like Gecko) Chrome/64.0.3282.140 Safari/537.36"
::ffff:10.240.1.99 - - [13/Feb/2018:12:11:59 +0000] "GET /api/stats HTTP/1.1" 304 - "https://coinwhipper-scaccoman.c9users.io/" "Mozilla/5.0 (Windows NT 10.0; Win64; x64) AppleWebKit/537.36 (KHTML, like Gecko) Chrome/64.0.3282.140 Safari/537.36"
::ffff:10.240.0.227 - - [13/Feb/2018:12:13:58 +0000] "GET /api/calculate_exchange?base=USD&target=EUR&amount=134 HTTP/1.1" - - "https://coinwhipper-scaccoman.c9users.io/" "Mozilla/5.0 (Windows NT 10.0; Win64; x64) AppleWebKit/537.36 (KHTML, like Gecko) Chrome/64.0.3282.140 Safari/537.36"
::ffff:10.240.0.88 - - [13/Feb/2018:12:13:58 +0000] "GET /api/calculate_exchange?base=USD&target=EUR&amount=13 HTTP/1.1" - - "https://coinwhipper-scaccoman.c9users.io/" "Mozilla/5.0 (Windows NT 10.0; Win64; x64) AppleWebKit/537.36 (KHTML, like Gecko) Chrome/64.0.3282.140 Safari/537.36"
::ffff:10.240.0.90 - - [13/Feb/2018:12:15:59 +0000] "GET /api/calculate_exchange?base=USD&target=EUR&amount=13 HTTP/1.1" - - "https://coinwhipper-scaccoman.c9users.io/" "Mozilla/5.0 (Windows NT 10.0; Win64; x64) AppleWebKit/537.36 (KHTML, like Gecko) Chrome/64.0.3282.140 Safari/537.36"
::ffff:10.240.0.88 - - [13/Feb/2018:12:15:59 +0000] "GET /api/calculate_exchange?base=USD&target=EUR&amount=134 HTTP/1.1" - - "https://coinwhipper-scaccoman.c9users.io/" "Mozilla/5.0 (Windows NT 10.0; Win64; x64) AppleWebKit/537.36 (KHTML, like Gecko) Chrome/64.0.3282.140 Safari/537.36"
::ffff:10.240.0.187 - - [13/Feb/2018:12:17:17 +0000] "GET / HTTP/1.1" 200 472 "https://ide.c9.io/scaccoman/coinwhipper" "Mozilla/5.0 (Windows NT 10.0; Win64; x64) AppleWebKit/537.36 (KHTML, like Gecko) Chrome/64.0.3282.140 Safari/537.36"
::ffff:10.240.0.187 - - [13/Feb/2018:12:17:17 +0000] "GET /static/css/main.a6b6d2d1.css HTTP/1.1" 200 8585 "https://coinwhipper-scaccoman.c9users.io/" "Mozilla/5.0 (Windows NT 10.0; Win64; x64) AppleWebKit/537.36 (KHTML, like Gecko) Chrome/64.0.3282.140 Safari/537.36"
::ffff:10.240.0.90 - - [13/Feb/2018:12:17:17 +0000] "GET /style/style.css HTTP/1.1" 200 1270 "https://coinwhipper-scaccoman.c9users.io/" "Mozilla/5.0 (Windows NT 10.0; Win64; x64) AppleWebKit/537.36 (KHTML, like Gecko) Chrome/64.0.3282.140 Safari/537.36"
::ffff:10.240.1.99 - - [13/Feb/2018:12:17:18 +0000] "GET /static/js/main.38ecde94.js HTTP/1.1" 200 261265 "https://coinwhipper-scaccoman.c9users.io/" "Mozilla/5.0 (Windows NT 10.0; Win64; x64) AppleWebKit/537.36 (KHTML, like Gecko) Chrome/64.0.3282.140 Safari/537.36"
::ffff:10.240.1.0 - - [13/Feb/2018:12:17:18 +0000] "GET /static/css/main.a6b6d2d1.css.map HTTP/1.1" 304 - "-" "Mozilla/5.0 (Windows NT 10.0; Win64; x64) AppleWebKit/537.36 (KHTML, like Gecko) Chrome/64.0.3282.140 Safari/537.36"
::ffff:10.240.1.0 - - [13/Feb/2018:12:17:18 +0000] "GET /api/stats HTTP/1.1" 200 1467 "https://coinwhipper-scaccoman.c9users.io/" "Mozilla/5.0 (Windows NT 10.0; Win64; x64) AppleWebKit/537.36 (KHTML, like Gecko) Chrome/64.0.3282.140 Safari/537.36"
::ffff:10.240.1.220 - - [13/Feb/2018:12:17:18 +0000] "GET /api/calculate_exchange?base=USD&target=EUR&amount=1 HTTP/1.1" 200 8 "https://coinwhipper-scaccoman.c9users.io/" "Mozilla/5.0 (Windows NT 10.0; Win64; x64) AppleWebKit/537.36 (KHTML, like Gecko) Chrome/64.0.3282.140 Safari/537.36"
::ffff:10.240.0.87 - - [13/Feb/2018:12:17:19 +0000] "GET /static/js/main.38ecde94.js.map HTTP/1.1" 304 - "-" "Mozilla/5.0 (Windows NT 10.0; Win64; x64) AppleWebKit/537.36 (KHTML, like Gecko) Chrome/64.0.3282.140 Safari/537.36"
::ffff:10.240.0.87 - - [13/Feb/2018:12:17:19 +0000] "GET /api/calculate_exchange?base=USD&target=EUR&amount=12 HTTP/1.1" 304 - "https://coinwhipper-scaccoman.c9users.io/" "Mozilla/5.0 (Windows NT 10.0; Win64; x64) AppleWebKit/537.36 (KHTML, like Gecko) Chrome/64.0.3282.140 Safari/537.36"
::ffff:10.240.0.87 - - [13/Feb/2018:12:17:19 +0000] "GET /api/calculate_exchange?base=USD&target=EUR&amount=123 HTTP/1.1" 304 - "https://coinwhipper-scaccoman.c9users.io/" "Mozilla/5.0 (Windows NT 10.0; Win64; x64) AppleWebKit/537.36 (KHTML, like Gecko) Chrome/64.0.3282.140 Safari/537.36"
::ffff:10.240.0.87 - - [13/Feb/2018:12:17:19 +0000] "GET /api/calculate_exchange?base=USD&target=EUR&amount=1234 HTTP/1.1" 200 11 "https://coinwhipper-scaccoman.c9users.io/" "Mozilla/5.0 (Windows NT 10.0; Win64; x64) AppleWebKit/537.36 (KHTML, like Gecko) Chrome/64.0.3282.140 Safari/537.36"
::ffff:10.240.1.99 - - [13/Feb/2018:12:17:20 +0000] "GET /api/stats HTTP/1.1" 200 1468 "https://coinwhipper-scaccoman.c9users.io/" "Mozilla/5.0 (Windows NT 10.0; Win64; x64) AppleWebKit/537.36 (KHTML, like Gecko) Chrome/64.0.3282.140 Safari/537.36"
::ffff:10.240.1.99 - - [13/Feb/2018:12:17:20 +0000] "GET /api/stats HTTP/1.1" 304 - "https://coinwhipper-scaccoman.c9users.io/" "Mozilla/5.0 (Windows NT 10.0; Win64; x64) AppleWebKit/537.36 (KHTML, like Gecko) Chrome/64.0.3282.140 Safari/537.36"
::ffff:10.240.1.99 - - [13/Feb/2018:12:17:20 +0000] "GET /api/stats HTTP/1.1" 304 - "https://coinwhipper-scaccoman.c9users.io/" "Mozilla/5.0 (Windows NT 10.0; Win64; x64) AppleWebKit/537.36 (KHTML, like Gecko) Chrome/64.0.3282.140 Safari/537.36"
::ffff:10.240.0.90 - - [13/Feb/2018:12:17:34 +0000] "GET / HTTP/1.1" 200 472 "https://ide.c9.io/scaccoman/coinwhipper" "Mozilla/5.0 (Windows NT 10.0; Win64; x64) AppleWebKit/537.36 (KHTML, like Gecko) Chrome/64.0.3282.140 Safari/537.36"
::ffff:10.240.1.99 - - [13/Feb/2018:12:17:35 +0000] "GET /style/style.css HTTP/1.1" 200 1270 "https://coinwhipper-scaccoman.c9users.io/" "Mozilla/5.0 (Windows NT 10.0; Win64; x64) AppleWebKit/537.36 (KHTML, like Gecko) Chrome/64.0.3282.140 Safari/537.36"
::ffff:10.240.0.87 - - [13/Feb/2018:12:17:35 +0000] "GET /static/css/main.a6b6d2d1.css HTTP/1.1" 200 8585 "https://coinwhipper-scaccoman.c9users.io/" "Mozilla/5.0 (Windows NT 10.0; Win64; x64) AppleWebKit/537.36 (KHTML, like Gecko) Chrome/64.0.3282.140 Safari/537.36"
::ffff:10.240.0.90 - - [13/Feb/2018:12:17:35 +0000] "GET /static/js/main.38ecde94.js HTTP/1.1" 200 261265 "https://coinwhipper-scaccoman.c9users.io/" "Mozilla/5.0 (Windows NT 10.0; Win64; x64) AppleWebKit/537.36 (KHTML, like Gecko) Chrome/64.0.3282.140 Safari/537.36"
::ffff:10.240.1.220 - - [13/Feb/2018:12:17:35 +0000] "GET /static/css/main.a6b6d2d1.css.map HTTP/1.1" 304 - "-" "Mozilla/5.0 (Windows NT 10.0; Win64; x64) AppleWebKit/537.36 (KHTML, like Gecko) Chrome/64.0.3282.140 Safari/537.36"
::ffff:10.240.1.99 - - [13/Feb/2018:12:17:35 +0000] "GET /api/stats HTTP/1.1" 200 1468 "https://coinwhipper-scaccoman.c9users.io/" "Mozilla/5.0 (Windows NT 10.0; Win64; x64) AppleWebKit/537.36 (KHTML, like Gecko) Chrome/64.0.3282.140 Safari/537.36"
::ffff:10.240.1.99 - - [13/Feb/2018:12:17:35 +0000] "GET /api/calculate_exchange?base=USD&target=EUR&amount=1 HTTP/1.1" 200 8 "https://coinwhipper-scaccoman.c9users.io/" "Mozilla/5.0 (Windows NT 10.0; Win64; x64) AppleWebKit/537.36 (KHTML, like Gecko) Chrome/64.0.3282.140 Safari/537.36"
::ffff:10.240.0.185 - - [13/Feb/2018:12:17:36 +0000] "GET /static/js/main.38ecde94.js.map HTTP/1.1" 304 - "-" "Mozilla/5.0 (Windows NT 10.0; Win64; x64) AppleWebKit/537.36 (KHTML, like Gecko) Chrome/64.0.3282.140 Safari/537.36"
::ffff:10.240.1.99 - - [13/Feb/2018:12:17:37 +0000] "GET /api/stats HTTP/1.1" 200 1468 "https://coinwhipper-scaccoman.c9users.io/" "Mozilla/5.0 (Windows NT 10.0; Win64; x64) AppleWebKit/537.36 (KHTML, like Gecko) Chrome/64.0.3282.140 Safari/537.36"
::ffff:10.240.0.187 - - [13/Feb/2018:12:17:38 +0000] "GET /api/stats HTTP/1.1" 304 - "https://coinwhipper-scaccoman.c9users.io/" "Mozilla/5.0 (Windows NT 10.0; Win64; x64) AppleWebKit/537.36 (KHTML, like Gecko) Chrome/64.0.3282.140 Safari/537.36"
::ffff:10.240.0.185 - - [13/Feb/2018:12:18:43 +0000] "GET /api/calculate_exchange?base=USD&target=EUR&amount=1343 HTTP/1.1" 200 11 "https://coinwhipper-scaccoman.c9users.io/" "Mozilla/5.0 (Windows NT 10.0; Win64; x64) AppleWebKit/537.36 (KHTML, like Gecko) Chrome/64.0.3282.140 Safari/537.36"
::ffff:10.240.0.187 - - [13/Feb/2018:12:18:44 +0000] "GET /api/stats HTTP/1.1" 200 1468 "https://coinwhipper-scaccoman.c9users.io/" "Mozilla/5.0 (Windows NT 10.0; Win64; x64) AppleWebKit/537.36 (KHTML, like Gecko) Chrome/64.0.3282.140 Safari/537.36"
::ffff:10.240.1.220 - - [13/Feb/2018:12:18:45 +0000] "GET /api/stats HTTP/1.1" 304 - "https://coinwhipper-scaccoman.c9users.io/" "Mozilla/5.0 (Windows NT 10.0; Win64; x64) AppleWebKit/537.36 (KHTML, like Gecko) Chrome/64.0.3282.140 Safari/537.36"
::ffff:10.240.0.227 - - [13/Feb/2018:12:20:15 +0000] "GET /api/calculate_exchange?base=USD&target=EUR&amount=134344 HTTP/1.1" 200 13 "https://coinwhipper-scaccoman.c9users.io/" "Mozilla/5.0 (Windows NT 10.0; Win64; x64) AppleWebKit/537.36 (KHTML, like Gecko) Chrome/64.0.3282.140 Safari/537.36"
::ffff:10.240.0.185 - - [13/Feb/2018:12:20:15 +0000] "GET /api/stats HTTP/1.1" 200 1469 "https://coinwhipper-scaccoman.c9users.io/" "Mozilla/5.0 (Windows NT 10.0; Win64; x64) AppleWebKit/537.36 (KHTML, like Gecko) Chrome/64.0.3282.140 Safari/537.36"
::ffff:10.240.0.185 - - [13/Feb/2018:12:20:16 +0000] "GET /api/stats HTTP/1.1" 304 - "https://coinwhipper-scaccoman.c9users.io/" "Mozilla/5.0 (Windows NT 10.0; Win64; x64) AppleWebKit/537.36 (KHTML, like Gecko) Chrome/64.0.3282.140 Safari/537.36"
::ffff:10.240.1.0 - - [13/Feb/2018:12:20:18 +0000] "GET /api/stats HTTP/1.1" 304 - "https://coinwhipper-scaccoman.c9users.io/" "Mozilla/5.0 (Windows NT 10.0; Win64; x64) AppleWebKit/537.36 (KHTML, like Gecko) Chrome/64.0.3282.140 Safari/537.36"
::ffff:10.240.0.227 - - [13/Feb/2018:12:22:19 +0000] "GET /api/calculate_exchange?base=USD&target=EUR&amount=3 HTTP/1.1" 200 8 "https://coinwhipper-scaccoman.c9users.io/" "Mozilla/5.0 (Windows NT 10.0; Win64; x64) AppleWebKit/537.36 (KHTML, like Gecko) Chrome/64.0.3282.140 Safari/537.36"
::ffff:10.240.0.227 - - [13/Feb/2018:12:22:19 +0000] "GET /api/calculate_exchange?base=USD&target=EUR&amount=3234234 HTTP/1.1" 200 14 "https://coinwhipper-scaccoman.c9users.io/" "Mozilla/5.0 (Windows NT 10.0; Win64; x64) AppleWebKit/537.36 (KHTML, like Gecko) Chrome/64.0.3282.140 Safari/537.36"
::ffff:10.240.0.87 - - [13/Feb/2018:12:22:19 +0000] "GET /api/calculate_exchange?base=USD&target=EUR&amount=32 HTTP/1.1" 200 9 "https://coinwhipper-scaccoman.c9users.io/" "Mozilla/5.0 (Windows NT 10.0; Win64; x64) AppleWebKit/537.36 (KHTML, like Gecko) Chrome/64.0.3282.140 Safari/537.36"
::ffff:10.240.0.227 - - [13/Feb/2018:12:22:19 +0000] "GET /api/calculate_exchange?base=USD&target=EUR&amount=323 HTTP/1.1" 200 10 "https://coinwhipper-scaccoman.c9users.io/" "Mozilla/5.0 (Windows NT 10.0; Win64; x64) AppleWebKit/537.36 (KHTML, like Gecko) Chrome/64.0.3282.140 Safari/537.36"
::ffff:10.240.0.87 - - [13/Feb/2018:12:22:19 +0000] "GET /api/calculate_exchange?base=USD&target=EUR&amount=32342342 HTTP/1.1" 200 18 "https://coinwhipper-scaccoman.c9users.io/" "Mozilla/5.0 (Windows NT 10.0; Win64; x64) AppleWebKit/537.36 (KHTML, like Gecko) Chrome/64.0.3282.140 Safari/537.36"
::ffff:10.240.1.220 - - [13/Feb/2018:12:22:19 +0000] "GET /api/calculate_exchange?base=USD&target=EUR&amount=3234 HTTP/1.1" 200 11 "https://coinwhipper-scaccoman.c9users.io/" "Mozilla/5.0 (Windows NT 10.0; Win64; x64) AppleWebKit/537.36 (KHTML, like Gecko) Chrome/64.0.3282.140 Safari/537.36"
::ffff:10.240.0.185 - - [13/Feb/2018:12:22:19 +0000] "GET /api/calculate_exchange?base=USD&target=EUR&amount=32342 HTTP/1.1" 200 12 "https://coinwhipper-scaccoman.c9users.io/" "Mozilla/5.0 (Windows NT 10.0; Win64; x64) AppleWebKit/537.36 (KHTML, like Gecko) Chrome/64.0.3282.140 Safari/537.36"
::ffff:10.240.1.99 - - [13/Feb/2018:12:22:20 +0000] "GET /api/calculate_exchange?base=USD&target=EUR&amount=323423 HTTP/1.1" 200 18 "https://coinwhipper-scaccoman.c9users.io/" "Mozilla/5.0 (Windows NT 10.0; Win64; x64) AppleWebKit/537.36 (KHTML, like Gecko) Chrome/64.0.3282.140 Safari/537.36"
::ffff:10.240.0.222 - - [13/Feb/2018:12:22:20 +0000] "GET /api/stats HTTP/1.1" 200 1468 "https://coinwhipper-scaccoman.c9users.io/" "Mozilla/5.0 (Windows NT 10.0; Win64; x64) AppleWebKit/537.36 (KHTML, like Gecko) Chrome/64.0.3282.140 Safari/537.36"
::ffff:10.240.1.220 - - [13/Feb/2018:12:22:20 +0000] "GET /api/stats HTTP/1.1" 304 - "https://coinwhipper-scaccoman.c9users.io/" "Mozilla/5.0 (Windows NT 10.0; Win64; x64) AppleWebKit/537.36 (KHTML, like Gecko) Chrome/64.0.3282.140 Safari/537.36"
::ffff:10.240.0.87 - - [13/Feb/2018:12:22:20 +0000] "GET /api/stats HTTP/1.1" 304 - "https://coinwhipper-scaccoman.c9users.io/" "Mozilla/5.0 (Windows NT 10.0; Win64; x64) AppleWebKit/537.36 (KHTML, like Gecko) Chrome/64.0.3282.140 Safari/537.36"
::ffff:10.240.0.87 - - [13/Feb/2018:12:22:20 +0000] "GET /api/stats HTTP/1.1" 304 - "https://coinwhipper-scaccoman.c9users.io/" "Mozilla/5.0 (Windows NT 10.0; Win64; x64) AppleWebKit/537.36 (KHTML, like Gecko) Chrome/64.0.3282.140 Safari/537.36"
::ffff:10.240.1.220 - - [13/Feb/2018:12:22:20 +0000] "GET /api/stats HTTP/1.1" 304 - "https://coinwhipper-scaccoman.c9users.io/" "Mozilla/5.0 (Windows NT 10.0; Win64; x64) AppleWebKit/537.36 (KHTML, like Gecko) Chrome/64.0.3282.140 Safari/537.36"
::ffff:10.240.1.220 - - [13/Feb/2018:12:22:20 +0000] "GET /api/stats HTTP/1.1" 304 - "https://coinwhipper-scaccoman.c9users.io/" "Mozilla/5.0 (Windows NT 10.0; Win64; x64) AppleWebKit/537.36 (KHTML, like Gecko) Chrome/64.0.3282.140 Safari/537.36"
::ffff:10.240.1.220 - - [13/Feb/2018:12:22:20 +0000] "GET /api/stats HTTP/1.1" 304 - "https://coinwhipper-scaccoman.c9users.io/" "Mozilla/5.0 (Windows NT 10.0; Win64; x64) AppleWebKit/537.36 (KHTML, like Gecko) Chrome/64.0.3282.140 Safari/537.36"
::ffff:10.240.1.220 - - [13/Feb/2018:12:22:20 +0000] "GET /api/stats HTTP/1.1" 304 - "https://coinwhipper-scaccoman.c9users.io/" "Mozilla/5.0 (Windows NT 10.0; Win64; x64) AppleWebKit/537.36 (KHTML, like Gecko) Chrome/64.0.3282.140 Safari/537.36"
::ffff:10.240.1.220 - - [13/Feb/2018:12:22:20 +0000] "GET /api/calculate_exchange?base=USD&target=EUR&amount=323423422 HTTP/1.1" 200 16 "https://coinwhipper-scaccoman.c9users.io/" "Mozilla/5.0 (Windows NT 10.0; Win64; x64) AppleWebKit/537.36 (KHTML, like Gecko) Chrome/64.0.3282.140 Safari/537.36"
::ffff:10.240.0.227 - - [13/Feb/2018:12:22:20 +0000] "GET /api/calculate_exchange?base=USD&target=EUR&amount=3234234223 HTTP/1.1" 200 17 "https://coinwhipper-scaccoman.c9users.io/" "Mozilla/5.0 (Windows NT 10.0; Win64; x64) AppleWebKit/537.36 (KHTML, like Gecko) Chrome/64.0.3282.140 Safari/537.36"
::ffff:10.240.0.87 - - [13/Feb/2018:12:22:20 +0000] "GET /api/calculate_exchange?base=USD&target=EUR&amount=32342342234 HTTP/1.1" 200 18 "https://coinwhipper-scaccoman.c9users.io/" "Mozilla/5.0 (Windows NT 10.0; Win64; x64) AppleWebKit/537.36 (KHTML, like Gecko) Chrome/64.0.3282.140 Safari/537.36"
::ffff:10.240.0.87 - - [13/Feb/2018:12:22:21 +0000] "GET /api/calculate_exchange?base=USD&target=EUR&amount=323423422342 HTTP/1.1" 200 18 "https://coinwhipper-scaccoman.c9users.io/" "Mozilla/5.0 (Windows NT 10.0; Win64; x64) AppleWebKit/537.36 (KHTML, like Gecko) Chrome/64.0.3282.140 Safari/537.36"
::ffff:10.240.1.97 - - [13/Feb/2018:12:22:21 +0000] "GET /api/stats HTTP/1.1" 200 1468 "https://coinwhipper-scaccoman.c9users.io/" "Mozilla/5.0 (Windows NT 10.0; Win64; x64) AppleWebKit/537.36 (KHTML, like Gecko) Chrome/64.0.3282.140 Safari/537.36"
::ffff:10.240.1.220 - - [13/Feb/2018:12:22:21 +0000] "GET /api/stats HTTP/1.1" 304 - "https://coinwhipper-scaccoman.c9users.io/" "Mozilla/5.0 (Windows NT 10.0; Win64; x64) AppleWebKit/537.36 (KHTML, like Gecko) Chrome/64.0.3282.140 Safari/537.36"
::ffff:10.240.1.220 - - [13/Feb/2018:12:22:21 +0000] "GET /api/stats HTTP/1.1" 304 - "https://coinwhipper-scaccoman.c9users.io/" "Mozilla/5.0 (Windows NT 10.0; Win64; x64) AppleWebKit/537.36 (KHTML, like Gecko) Chrome/64.0.3282.140 Safari/537.36"
::ffff:10.240.1.220 - - [13/Feb/2018:12:22:21 +0000] "GET /api/stats HTTP/1.1" 304 - "https://coinwhipper-scaccoman.c9users.io/" "Mozilla/5.0 (Windows NT 10.0; Win64; x64) AppleWebKit/537.36 (KHTML, like Gecko) Chrome/64.0.3282.140 Safari/537.36"
::ffff:10.240.0.227 - - [13/Feb/2018:12:22:36 +0000] "GET / HTTP/1.1" 200 472 "https://ide.c9.io/scaccoman/coinwhipper" "Mozilla/5.0 (Windows NT 10.0; Win64; x64) AppleWebKit/537.36 (KHTML, like Gecko) Chrome/64.0.3282.140 Safari/537.36"
::ffff:10.240.0.222 - - [13/Feb/2018:12:22:36 +0000] "GET /style/style.css HTTP/1.1" 200 1270 "https://coinwhipper-scaccoman.c9users.io/" "Mozilla/5.0 (Windows NT 10.0; Win64; x64) AppleWebKit/537.36 (KHTML, like Gecko) Chrome/64.0.3282.140 Safari/537.36"
::ffff:10.240.0.227 - - [13/Feb/2018:12:22:36 +0000] "GET /static/css/main.a6b6d2d1.css HTTP/1.1" 200 8585 "https://coinwhipper-scaccoman.c9users.io/" "Mozilla/5.0 (Windows NT 10.0; Win64; x64) AppleWebKit/537.36 (KHTML, like Gecko) Chrome/64.0.3282.140 Safari/537.36"
::ffff:10.240.0.222 - - [13/Feb/2018:12:22:36 +0000] "GET /static/js/main.38ecde94.js HTTP/1.1" 200 261265 "https://coinwhipper-scaccoman.c9users.io/" "Mozilla/5.0 (Windows NT 10.0; Win64; x64) AppleWebKit/537.36 (KHTML, like Gecko) Chrome/64.0.3282.140 Safari/537.36"
::ffff:10.240.1.220 - - [13/Feb/2018:12:22:36 +0000] "GET /static/css/main.a6b6d2d1.css.map HTTP/1.1" 304 - "-" "Mozilla/5.0 (Windows NT 10.0; Win64; x64) AppleWebKit/537.36 (KHTML, like Gecko) Chrome/64.0.3282.140 Safari/537.36"
::ffff:10.240.1.97 - - [13/Feb/2018:12:22:37 +0000] "GET /api/stats HTTP/1.1" 200 1468 "https://coinwhipper-scaccoman.c9users.io/" "Mozilla/5.0 (Windows NT 10.0; Win64; x64) AppleWebKit/537.36 (KHTML, like Gecko) Chrome/64.0.3282.140 Safari/537.36"
::ffff:10.240.0.222 - - [13/Feb/2018:12:22:37 +0000] "GET /static/js/main.38ecde94.js.map HTTP/1.1" 304 - "-" "Mozilla/5.0 (Windows NT 10.0; Win64; x64) AppleWebKit/537.36 (KHTML, like Gecko) Chrome/64.0.3282.140 Safari/537.36"
::ffff:10.240.0.227 - - [13/Feb/2018:12:22:37 +0000] "GET /api/calculate_exchange?base=USD&target=EUR&amount=1 HTTP/1.1" 200 8 "https://coinwhipper-scaccoman.c9users.io/" "Mozilla/5.0 (Windows NT 10.0; Win64; x64) AppleWebKit/537.36 (KHTML, like Gecko) Chrome/64.0.3282.140 Safari/537.36"
::ffff:10.240.1.220 - - [13/Feb/2018:12:22:38 +0000] "GET /api/calculate_exchange?base=USD&target=EUR&amount=12 HTTP/1.1" 304 - "https://coinwhipper-scaccoman.c9users.io/" "Mozilla/5.0 (Windows NT 10.0; Win64; x64) AppleWebKit/537.36 (KHTML, like Gecko) Chrome/64.0.3282.140 Safari/537.36"
::ffff:10.240.0.185 - - [13/Feb/2018:12:22:38 +0000] "GET /api/calculate_exchange?base=USD&target=EUR&amount=123 HTTP/1.1" 304 - "https://coinwhipper-scaccoman.c9users.io/" "Mozilla/5.0 (Windows NT 10.0; Win64; x64) AppleWebKit/537.36 (KHTML, like Gecko) Chrome/64.0.3282.140 Safari/537.36"
::ffff:10.240.0.227 - - [13/Feb/2018:12:22:38 +0000] "GET /api/calculate_exchange?base=USD&target=EUR&amount=1234 HTTP/1.1" 304 - "https://coinwhipper-scaccoman.c9users.io/" "Mozilla/5.0 (Windows NT 10.0; Win64; x64) AppleWebKit/537.36 (KHTML, like Gecko) Chrome/64.0.3282.140 Safari/537.36"
::ffff:10.240.1.220 - - [13/Feb/2018:12:22:38 +0000] "GET /api/calculate_exchange?base=USD&target=EUR&amount=12342 HTTP/1.1" 200 12 "https://coinwhipper-scaccoman.c9users.io/" "Mozilla/5.0 (Windows NT 10.0; Win64; x64) AppleWebKit/537.36 (KHTML, like Gecko) Chrome/64.0.3282.140 Safari/537.36"
::ffff:10.240.1.97 - - [13/Feb/2018:12:22:38 +0000] "GET /api/stats HTTP/1.1" 200 1468 "https://coinwhipper-scaccoman.c9users.io/" "Mozilla/5.0 (Windows NT 10.0; Win64; x64) AppleWebKit/537.36 (KHTML, like Gecko) Chrome/64.0.3282.140 Safari/537.36"
::ffff:10.240.1.189 - - [13/Feb/2018:12:22:39 +0000] "GET /api/calculate_exchange?base=USD&target=EUR&amount=123423 HTTP/1.1" 200 13 "https://coinwhipper-scaccoman.c9users.io/" "Mozilla/5.0 (Windows NT 10.0; Win64; x64) AppleWebKit/537.36 (KHTML, like Gecko) Chrome/64.0.3282.140 Safari/537.36"
::ffff:10.240.1.97 - - [13/Feb/2018:12:22:39 +0000] "GET /api/calculate_exchange?base=USD&target=EUR&amount=1234232 HTTP/1.1" 200 18 "https://coinwhipper-scaccoman.c9users.io/" "Mozilla/5.0 (Windows NT 10.0; Win64; x64) AppleWebKit/537.36 (KHTML, like Gecko) Chrome/64.0.3282.140 Safari/537.36"
::ffff:10.240.1.220 - - [13/Feb/2018:12:22:39 +0000] "GET /api/calculate_exchange?base=USD&target=EUR&amount=12342323 HTTP/1.1" 200 18 "https://coinwhipper-scaccoman.c9users.io/" "Mozilla/5.0 (Windows NT 10.0; Win64; x64) AppleWebKit/537.36 (KHTML, like Gecko) Chrome/64.0.3282.140 Safari/537.36"
::ffff:10.240.0.87 - - [13/Feb/2018:12:22:39 +0000] "GET /api/calculate_exchange?base=USD&target=EUR&amount=123423234 HTTP/1.1" 200 16 "https://coinwhipper-scaccoman.c9users.io/" "Mozilla/5.0 (Windows NT 10.0; Win64; x64) AppleWebKit/537.36 (KHTML, like Gecko) Chrome/64.0.3282.140 Safari/537.36"
::ffff:10.240.0.187 - - [13/Feb/2018:12:22:39 +0000] "GET /api/stats HTTP/1.1" 200 1469 "https://coinwhipper-scaccoman.c9users.io/" "Mozilla/5.0 (Windows NT 10.0; Win64; x64) AppleWebKit/537.36 (KHTML, like Gecko) Chrome/64.0.3282.140 Safari/537.36"
::ffff:10.240.0.87 - - [13/Feb/2018:12:22:39 +0000] "GET /api/stats HTTP/1.1" 304 - "https://coinwhipper-scaccoman.c9users.io/" "Mozilla/5.0 (Windows NT 10.0; Win64; x64) AppleWebKit/537.36 (KHTML, like Gecko) Chrome/64.0.3282.140 Safari/537.36"
::ffff:10.240.0.87 - - [13/Feb/2018:12:22:39 +0000] "GET /api/calculate_exchange?base=USD&target=EUR&amount=1234232342 HTTP/1.1" 200 17 "https://coinwhipper-scaccoman.c9users.io/" "Mozilla/5.0 (Windows NT 10.0; Win64; x64) AppleWebKit/537.36 (KHTML, like Gecko) Chrome/64.0.3282.140 Safari/537.36"
::ffff:10.240.0.227 - - [13/Feb/2018:12:22:39 +0000] "GET /api/calculate_exchange?base=USD&target=EUR&amount=12342323423 HTTP/1.1" 200 18 "https://coinwhipper-scaccoman.c9users.io/" "Mozilla/5.0 (Windows NT 10.0; Win64; x64) AppleWebKit/537.36 (KHTML, like Gecko) Chrome/64.0.3282.140 Safari/537.36"
::ffff:10.240.1.220 - - [13/Feb/2018:12:22:39 +0000] "GET /api/stats HTTP/1.1" 200 1469 "https://coinwhipper-scaccoman.c9users.io/" "Mozilla/5.0 (Windows NT 10.0; Win64; x64) AppleWebKit/537.36 (KHTML, like Gecko) Chrome/64.0.3282.140 Safari/537.36"
::ffff:10.240.1.220 - - [13/Feb/2018:12:22:39 +0000] "GET /api/stats HTTP/1.1" 200 1469 "https://coinwhipper-scaccoman.c9users.io/" "Mozilla/5.0 (Windows NT 10.0; Win64; x64) AppleWebKit/537.36 (KHTML, like Gecko) Chrome/64.0.3282.140 Safari/537.36"
::ffff:10.240.1.220 - - [13/Feb/2018:12:22:39 +0000] "GET /api/stats HTTP/1.1" 304 - "https://coinwhipper-scaccoman.c9users.io/" "Mozilla/5.0 (Windows NT 10.0; Win64; x64) AppleWebKit/537.36 (KHTML, like Gecko) Chrome/64.0.3282.140 Safari/537.36"
::ffff:10.240.0.222 - - [13/Feb/2018:12:22:39 +0000] "GET /api/stats HTTP/1.1" 304 - "https://coinwhipper-scaccoman.c9users.io/" "Mozilla/5.0 (Windows NT 10.0; Win64; x64) AppleWebKit/537.36 (KHTML, like Gecko) Chrome/64.0.3282.140 Safari/537.36"
::ffff:10.240.1.220 - - [13/Feb/2018:12:22:39 +0000] "GET /api/stats HTTP/1.1" 304 - "https://coinwhipper-scaccoman.c9users.io/" "Mozilla/5.0 (Windows NT 10.0; Win64; x64) AppleWebKit/537.36 (KHTML, like Gecko) Chrome/64.0.3282.140 Safari/537.36"
::ffff:10.240.1.220 - - [13/Feb/2018:12:22:40 +0000] "GET /api/stats HTTP/1.1" 304 - "https://coinwhipper-scaccoman.c9users.io/" "Mozilla/5.0 (Windows NT 10.0; Win64; x64) AppleWebKit/537.36 (KHTML, like Gecko) Chrome/64.0.3282.140 Safari/537.36"
::ffff:10.240.0.222 - - [13/Feb/2018:12:22:40 +0000] "GET /api/stats HTTP/1.1" 304 - "https://coinwhipper-scaccoman.c9users.io/" "Mozilla/5.0 (Windows NT 10.0; Win64; x64) AppleWebKit/537.36 (KHTML, like Gecko) Chrome/64.0.3282.140 Safari/537.36"
::ffff:10.240.0.222 - - [13/Feb/2018:12:24:42 +0000] "GET / HTTP/1.1" 200 472 "https://ide.c9.io/scaccoman/coinwhipper" "Mozilla/5.0 (Windows NT 10.0; Win64; x64) AppleWebKit/537.36 (KHTML, like Gecko) Chrome/64.0.3282.140 Safari/537.36"
::ffff:10.240.0.87 - - [13/Feb/2018:12:24:43 +0000] "GET /style/style.css HTTP/1.1" 200 1270 "https://coinwhipper-scaccoman.c9users.io/" "Mozilla/5.0 (Windows NT 10.0; Win64; x64) AppleWebKit/537.36 (KHTML, like Gecko) Chrome/64.0.3282.140 Safari/537.36"
::ffff:10.240.0.88 - - [13/Feb/2018:12:24:43 +0000] "GET /static/css/main.a6b6d2d1.css HTTP/1.1" 200 8585 "https://coinwhipper-scaccoman.c9users.io/" "Mozilla/5.0 (Windows NT 10.0; Win64; x64) AppleWebKit/537.36 (KHTML, like Gecko) Chrome/64.0.3282.140 Safari/537.36"
::ffff:10.240.0.185 - - [13/Feb/2018:12:24:43 +0000] "GET /static/js/main.38ecde94.js HTTP/1.1" 200 261265 "https://coinwhipper-scaccoman.c9users.io/" "Mozilla/5.0 (Windows NT 10.0; Win64; x64) AppleWebKit/537.36 (KHTML, like Gecko) Chrome/64.0.3282.140 Safari/537.36"
::ffff:10.240.0.88 - - [13/Feb/2018:12:24:43 +0000] "GET /api/calculate_exchange?base=USD&target=EUR&amount=1 HTTP/1.1" 500 32 "https://coinwhipper-scaccoman.c9users.io/" "Mozilla/5.0 (Windows NT 10.0; Win64; x64) AppleWebKit/537.36 (KHTML, like Gecko) Chrome/64.0.3282.140 Safari/537.36"
::ffff:10.240.0.185 - - [13/Feb/2018:12:24:43 +0000] "GET /static/js/main.38ecde94.js.map HTTP/1.1" 304 - "-" "Mozilla/5.0 (Windows NT 10.0; Win64; x64) AppleWebKit/537.36 (KHTML, like Gecko) Chrome/64.0.3282.140 Safari/537.36"
::ffff:10.240.1.220 - - [13/Feb/2018:12:24:43 +0000] "GET /static/css/main.a6b6d2d1.css.map HTTP/1.1" 304 - "-" "Mozilla/5.0 (Windows NT 10.0; Win64; x64) AppleWebKit/537.36 (KHTML, like Gecko) Chrome/64.0.3282.140 Safari/537.36"
::ffff:10.240.0.227 - - [13/Feb/2018:12:24:44 +0000] "GET /api/stats HTTP/1.1" 200 1469 "https://coinwhipper-scaccoman.c9users.io/" "Mozilla/5.0 (Windows NT 10.0; Win64; x64) AppleWebKit/537.36 (KHTML, like Gecko) Chrome/64.0.3282.140 Safari/537.36"
::ffff:10.240.1.220 - - [13/Feb/2018:12:24:47 +0000] "GET /api/calculate_exchange?base=USD&target=EUR&amount=12 HTTP/1.1" 500 32 "https://coinwhipper-scaccoman.c9users.io/" "Mozilla/5.0 (Windows NT 10.0; Win64; x64) AppleWebKit/537.36 (KHTML, like Gecko) Chrome/64.0.3282.140 Safari/537.36"
::ffff:10.240.0.88 - - [13/Feb/2018:12:24:47 +0000] "GET /api/calculate_exchange?base=USD&target=EUR&amount=1234 HTTP/1.1" 500 32 "https://coinwhipper-scaccoman.c9users.io/" "Mozilla/5.0 (Windows NT 10.0; Win64; x64) AppleWebKit/537.36 (KHTML, like Gecko) Chrome/64.0.3282.140 Safari/537.36"
::ffff:10.240.1.0 - - [13/Feb/2018:12:24:47 +0000] "GET /api/calculate_exchange?base=USD&target=EUR&amount=123 HTTP/1.1" 500 32 "https://coinwhipper-scaccoman.c9users.io/" "Mozilla/5.0 (Windows NT 10.0; Win64; x64) AppleWebKit/537.36 (KHTML, like Gecko) Chrome/64.0.3282.140 Safari/537.36"
::ffff:10.240.0.88 - - [13/Feb/2018:12:24:47 +0000] "GET /api/stats HTTP/1.1" 304 - "https://coinwhipper-scaccoman.c9users.io/" "Mozilla/5.0 (Windows NT 10.0; Win64; x64) AppleWebKit/537.36 (KHTML, like Gecko) Chrome/64.0.3282.140 Safari/537.36"
::ffff:10.240.0.90 - - [13/Feb/2018:12:24:48 +0000] "GET /api/stats HTTP/1.1" 304 - "https://coinwhipper-scaccoman.c9users.io/" "Mozilla/5.0 (Windows NT 10.0; Win64; x64) AppleWebKit/537.36 (KHTML, like Gecko) Chrome/64.0.3282.140 Safari/537.36"
::ffff:10.240.0.88 - - [13/Feb/2018:12:24:48 +0000] "GET /api/stats HTTP/1.1" 304 - "https://coinwhipper-scaccoman.c9users.io/" "Mozilla/5.0 (Windows NT 10.0; Win64; x64) AppleWebKit/537.36 (KHTML, like Gecko) Chrome/64.0.3282.140 Safari/537.36"
::ffff:10.240.0.222 - - [13/Feb/2018:12:25:17 +0000] "GET /api/calculate_exchange?base=USD&target=EUR&amount=12344 HTTP/1.1" 500 32 "https://coinwhipper-scaccoman.c9users.io/" "Mozilla/5.0 (Windows NT 10.0; Win64; x64) AppleWebKit/537.36 (KHTML, like Gecko) Chrome/64.0.3282.140 Safari/537.36"
::ffff:10.240.1.220 - - [13/Feb/2018:12:25:17 +0000] "GET /api/stats HTTP/1.1" 304 - "https://coinwhipper-scaccoman.c9users.io/" "Mozilla/5.0 (Windows NT 10.0; Win64; x64) AppleWebKit/537.36 (KHTML, like Gecko) Chrome/64.0.3282.140 Safari/537.36"
::ffff:10.240.1.0 - - [13/Feb/2018:12:25:18 +0000] "GET /api/calculate_exchange?base=USD&target=EUR&amount=123443 HTTP/1.1" 500 1522 "https://coinwhipper-scaccoman.c9users.io/" "Mozilla/5.0 (Windows NT 10.0; Win64; x64) AppleWebKit/537.36 (KHTML, like Gecko) Chrome/64.0.3282.140 Safari/537.36"
::ffff:10.240.0.88 - - [13/Feb/2018:12:25:18 +0000] "GET /api/stats HTTP/1.1" 304 - "https://coinwhipper-scaccoman.c9users.io/" "Mozilla/5.0 (Windows NT 10.0; Win64; x64) AppleWebKit/537.36 (KHTML, like Gecko) Chrome/64.0.3282.140 Safari/537.36"
::ffff:10.240.0.88 - - [13/Feb/2018:12:25:19 +0000] "GET /api/calculate_exchange?base=USD&target=EUR&amount=1234432 HTTP/1.1" 500 1522 "https://coinwhipper-scaccoman.c9users.io/" "Mozilla/5.0 (Windows NT 10.0; Win64; x64) AppleWebKit/537.36 (KHTML, like Gecko) Chrome/64.0.3282.140 Safari/537.36"
::ffff:10.240.1.97 - - [13/Feb/2018:12:25:20 +0000] "GET /api/stats HTTP/1.1" 304 - "https://coinwhipper-scaccoman.c9users.io/" "Mozilla/5.0 (Windows NT 10.0; Win64; x64) AppleWebKit/537.36 (KHTML, like Gecko) Chrome/64.0.3282.140 Safari/537.36"
::ffff:10.240.0.88 - - [13/Feb/2018:12:26:04 +0000] "GET / HTTP/1.1" 304 - "https://ide.c9.io/scaccoman/coinwhipper" "Mozilla/5.0 (Windows NT 10.0; Win64; x64) AppleWebKit/537.36 (KHTML, like Gecko) Chrome/64.0.3282.140 Safari/537.36"
::ffff:10.240.1.0 - - [13/Feb/2018:12:26:05 +0000] "GET /style/style.css HTTP/1.1" 304 - "https://coinwhipper-scaccoman.c9users.io/" "Mozilla/5.0 (Windows NT 10.0; Win64; x64) AppleWebKit/537.36 (KHTML, like Gecko) Chrome/64.0.3282.140 Safari/537.36"
::ffff:10.240.1.220 - - [13/Feb/2018:12:26:05 +0000] "GET /static/css/main.a6b6d2d1.css HTTP/1.1" 304 - "https://coinwhipper-scaccoman.c9users.io/" "Mozilla/5.0 (Windows NT 10.0; Win64; x64) AppleWebKit/537.36 (KHTML, like Gecko) Chrome/64.0.3282.140 Safari/537.36"
::ffff:10.240.0.90 - - [13/Feb/2018:12:26:05 +0000] "GET /static/js/main.38ecde94.js HTTP/1.1" 304 - "https://coinwhipper-scaccoman.c9users.io/" "Mozilla/5.0 (Windows NT 10.0; Win64; x64) AppleWebKit/537.36 (KHTML, like Gecko) Chrome/64.0.3282.140 Safari/537.36"
::ffff:10.240.0.88 - - [13/Feb/2018:12:26:05 +0000] "GET /static/js/main.38ecde94.js.map HTTP/1.1" 304 - "-" "Mozilla/5.0 (Windows NT 10.0; Win64; x64) AppleWebKit/537.36 (KHTML, like Gecko) Chrome/64.0.3282.140 Safari/537.36"
::ffff:10.240.0.227 - - [13/Feb/2018:12:26:06 +0000] "GET /static/css/main.a6b6d2d1.css.map HTTP/1.1" 304 - "-" "Mozilla/5.0 (Windows NT 10.0; Win64; x64) AppleWebKit/537.36 (KHTML, like Gecko) Chrome/64.0.3282.140 Safari/537.36"
::ffff:10.240.0.187 - - [13/Feb/2018:12:26:06 +0000] "GET /api/calculate_exchange?base=USD&target=EUR&amount=1 HTTP/1.1" 500 32 "https://coinwhipper-scaccoman.c9users.io/" "Mozilla/5.0 (Windows NT 10.0; Win64; x64) AppleWebKit/537.36 (KHTML, like Gecko) Chrome/64.0.3282.140 Safari/537.36"
::ffff:10.240.1.189 - - [13/Feb/2018:12:26:06 +0000] "GET /api/stats HTTP/1.1" 304 - "https://coinwhipper-scaccoman.c9users.io/" "Mozilla/5.0 (Windows NT 10.0; Win64; x64) AppleWebKit/537.36 (KHTML, like Gecko) Chrome/64.0.3282.140 Safari/537.36"
::ffff:10.240.1.0 - - [13/Feb/2018:12:26:07 +0000] "GET /api/calculate_exchange?base=USD&target=EUR&amount=1324 HTTP/1.1" 500 32 "https://coinwhipper-scaccoman.c9users.io/" "Mozilla/5.0 (Windows NT 10.0; Win64; x64) AppleWebKit/537.36 (KHTML, like Gecko) Chrome/64.0.3282.140 Safari/537.36"
::ffff:10.240.0.88 - - [13/Feb/2018:12:26:07 +0000] "GET /api/calculate_exchange?base=USD&target=EUR&amount=132 HTTP/1.1" 500 32 "https://coinwhipper-scaccoman.c9users.io/" "Mozilla/5.0 (Windows NT 10.0; Win64; x64) AppleWebKit/537.36 (KHTML, like Gecko) Chrome/64.0.3282.140 Safari/537.36"
::ffff:10.240.0.185 - - [13/Feb/2018:12:26:07 +0000] "GET /api/calculate_exchange?base=USD&target=EUR&amount=13 HTTP/1.1" 500 32 "https://coinwhipper-scaccoman.c9users.io/" "Mozilla/5.0 (Windows NT 10.0; Win64; x64) AppleWebKit/537.36 (KHTML, like Gecko) Chrome/64.0.3282.140 Safari/537.36"
::ffff:10.240.0.222 - - [13/Feb/2018:12:26:08 +0000] "GET /api/stats HTTP/1.1" 304 - "https://coinwhipper-scaccoman.c9users.io/" "Mozilla/5.0 (Windows NT 10.0; Win64; x64) AppleWebKit/537.36 (KHTML, like Gecko) Chrome/64.0.3282.140 Safari/537.36"
::ffff:10.240.0.222 - - [13/Feb/2018:12:26:08 +0000] "GET /api/stats HTTP/1.1" 304 - "https://coinwhipper-scaccoman.c9users.io/" "Mozilla/5.0 (Windows NT 10.0; Win64; x64) AppleWebKit/537.36 (KHTML, like Gecko) Chrome/64.0.3282.140 Safari/537.36"
::ffff:10.240.0.227 - - [13/Feb/2018:12:26:08 +0000] "GET /api/stats HTTP/1.1" 304 - "https://coinwhipper-scaccoman.c9users.io/" "Mozilla/5.0 (Windows NT 10.0; Win64; x64) AppleWebKit/537.36 (KHTML, like Gecko) Chrome/64.0.3282.140 Safari/537.36"
::ffff:10.240.0.90 - - [13/Feb/2018:12:28:00 +0000] "GET / HTTP/1.1" 200 472 "https://ide.c9.io/scaccoman/coinwhipper" "Mozilla/5.0 (Windows NT 10.0; Win64; x64) AppleWebKit/537.36 (KHTML, like Gecko) Chrome/64.0.3282.140 Safari/537.36"
::ffff:10.240.1.0 - - [13/Feb/2018:12:28:01 +0000] "GET /style/style.css HTTP/1.1" 200 1270 "https://coinwhipper-scaccoman.c9users.io/" "Mozilla/5.0 (Windows NT 10.0; Win64; x64) AppleWebKit/537.36 (KHTML, like Gecko) Chrome/64.0.3282.140 Safari/537.36"
::ffff:10.240.1.220 - - [13/Feb/2018:12:28:01 +0000] "GET /static/css/main.a6b6d2d1.css HTTP/1.1" 200 8585 "https://coinwhipper-scaccoman.c9users.io/" "Mozilla/5.0 (Windows NT 10.0; Win64; x64) AppleWebKit/537.36 (KHTML, like Gecko) Chrome/64.0.3282.140 Safari/537.36"
::ffff:10.240.1.0 - - [13/Feb/2018:12:28:01 +0000] "GET /static/css/main.a6b6d2d1.css.map HTTP/1.1" 304 - "-" "Mozilla/5.0 (Windows NT 10.0; Win64; x64) AppleWebKit/537.36 (KHTML, like Gecko) Chrome/64.0.3282.140 Safari/537.36"
::ffff:10.240.1.99 - - [13/Feb/2018:12:28:01 +0000] "GET /static/js/main.38ecde94.js HTTP/1.1" 200 261265 "https://coinwhipper-scaccoman.c9users.io/" "Mozilla/5.0 (Windows NT 10.0; Win64; x64) AppleWebKit/537.36 (KHTML, like Gecko) Chrome/64.0.3282.140 Safari/537.36"
::ffff:10.240.1.99 - - [13/Feb/2018:12:28:01 +0000] "GET /api/calculate_exchange?base=USD&target=EUR&amount=1 HTTP/1.1" 500 32 "https://coinwhipper-scaccoman.c9users.io/" "Mozilla/5.0 (Windows NT 10.0; Win64; x64) AppleWebKit/537.36 (KHTML, like Gecko) Chrome/64.0.3282.140 Safari/537.36"
::ffff:10.240.1.97 - - [13/Feb/2018:12:28:02 +0000] "GET /static/js/main.38ecde94.js.map HTTP/1.1" 304 - "-" "Mozilla/5.0 (Windows NT 10.0; Win64; x64) AppleWebKit/537.36 (KHTML, like Gecko) Chrome/64.0.3282.140 Safari/537.36"
::ffff:10.240.0.187 - - [13/Feb/2018:12:28:02 +0000] "GET /api/stats HTTP/1.1" 200 1469 "https://coinwhipper-scaccoman.c9users.io/" "Mozilla/5.0 (Windows NT 10.0; Win64; x64) AppleWebKit/537.36 (KHTML, like Gecko) Chrome/64.0.3282.140 Safari/537.36"
::ffff:10.240.1.97 - - [13/Feb/2018:12:28:14 +0000] "GET /api/calculate_exchange?base=USD&target=EUR&amount=132 HTTP/1.1" 500 32 "https://coinwhipper-scaccoman.c9users.io/" "Mozilla/5.0 (Windows NT 10.0; Win64; x64) AppleWebKit/537.36 (KHTML, like Gecko) Chrome/64.0.3282.140 Safari/537.36"
::ffff:10.240.1.220 - - [13/Feb/2018:12:28:14 +0000] "GET /api/calculate_exchange?base=USD&target=EUR&amount=1324 HTTP/1.1" 500 32 "https://coinwhipper-scaccoman.c9users.io/" "Mozilla/5.0 (Windows NT 10.0; Win64; x64) AppleWebKit/537.36 (KHTML, like Gecko) Chrome/64.0.3282.140 Safari/537.36"
::ffff:10.240.1.99 - - [13/Feb/2018:12:28:15 +0000] "GET /api/stats HTTP/1.1" 304 - "https://coinwhipper-scaccoman.c9users.io/" "Mozilla/5.0 (Windows NT 10.0; Win64; x64) AppleWebKit/537.36 (KHTML, like Gecko) Chrome/64.0.3282.140 Safari/537.36"
::ffff:10.240.0.88 - - [13/Feb/2018:12:28:15 +0000] "GET /api/calculate_exchange?base=USD&target=EUR&amount=13 HTTP/1.1" 500 32 "https://coinwhipper-scaccoman.c9users.io/" "Mozilla/5.0 (Windows NT 10.0; Win64; x64) AppleWebKit/537.36 (KHTML, like Gecko) Chrome/64.0.3282.140 Safari/537.36"
::ffff:10.240.0.227 - - [13/Feb/2018:12:28:15 +0000] "GET /api/stats HTTP/1.1" 304 - "https://coinwhipper-scaccoman.c9users.io/" "Mozilla/5.0 (Windows NT 10.0; Win64; x64) AppleWebKit/537.36 (KHTML, like Gecko) Chrome/64.0.3282.140 Safari/537.36"
::ffff:10.240.1.220 - - [13/Feb/2018:12:28:15 +0000] "GET /api/stats HTTP/1.1" 304 - "https://coinwhipper-scaccoman.c9users.io/" "Mozilla/5.0 (Windows NT 10.0; Win64; x64) AppleWebKit/537.36 (KHTML, like Gecko) Chrome/64.0.3282.140 Safari/537.36"
::ffff:10.240.0.185 - - [13/Feb/2018:12:29:09 +0000] "GET / HTTP/1.1" 200 472 "https://ide.c9.io/scaccoman/coinwhipper" "Mozilla/5.0 (Windows NT 10.0; Win64; x64) AppleWebKit/537.36 (KHTML, like Gecko) Chrome/64.0.3282.140 Safari/537.36"
::ffff:10.240.0.90 - - [13/Feb/2018:12:29:10 +0000] "GET /style/style.css HTTP/1.1" 200 1270 "https://coinwhipper-scaccoman.c9users.io/" "Mozilla/5.0 (Windows NT 10.0; Win64; x64) AppleWebKit/537.36 (KHTML, like Gecko) Chrome/64.0.3282.140 Safari/537.36"
::ffff:10.240.0.87 - - [13/Feb/2018:12:29:10 +0000] "GET /static/css/main.a6b6d2d1.css HTTP/1.1" 200 8585 "https://coinwhipper-scaccoman.c9users.io/" "Mozilla/5.0 (Windows NT 10.0; Win64; x64) AppleWebKit/537.36 (KHTML, like Gecko) Chrome/64.0.3282.140 Safari/537.36"
::ffff:10.240.0.227 - - [13/Feb/2018:12:29:10 +0000] "GET /static/css/main.a6b6d2d1.css.map HTTP/1.1" 304 - "-" "Mozilla/5.0 (Windows NT 10.0; Win64; x64) AppleWebKit/537.36 (KHTML, like Gecko) Chrome/64.0.3282.140 Safari/537.36"
::ffff:10.240.1.97 - - [13/Feb/2018:12:29:10 +0000] "GET /static/js/main.38ecde94.js HTTP/1.1" 200 261265 "https://coinwhipper-scaccoman.c9users.io/" "Mozilla/5.0 (Windows NT 10.0; Win64; x64) AppleWebKit/537.36 (KHTML, like Gecko) Chrome/64.0.3282.140 Safari/537.36"
::ffff:10.240.1.97 - - [13/Feb/2018:12:29:10 +0000] "GET /api/calculate_exchange?base=USD&target=EUR&amount=1 HTTP/1.1" 200 8 "https://coinwhipper-scaccoman.c9users.io/" "Mozilla/5.0 (Windows NT 10.0; Win64; x64) AppleWebKit/537.36 (KHTML, like Gecko) Chrome/64.0.3282.140 Safari/537.36"
::ffff:10.240.0.88 - - [13/Feb/2018:12:29:10 +0000] "GET /api/stats HTTP/1.1" 200 1469 "https://coinwhipper-scaccoman.c9users.io/" "Mozilla/5.0 (Windows NT 10.0; Win64; x64) AppleWebKit/537.36 (KHTML, like Gecko) Chrome/64.0.3282.140 Safari/537.36"
::ffff:10.240.1.0 - - [13/Feb/2018:12:29:11 +0000] "GET /static/js/main.38ecde94.js.map HTTP/1.1" 304 - "-" "Mozilla/5.0 (Windows NT 10.0; Win64; x64) AppleWebKit/537.36 (KHTML, like Gecko) Chrome/64.0.3282.140 Safari/537.36"
::ffff:10.240.0.185 - - [13/Feb/2018:12:29:12 +0000] "GET /api/calculate_exchange?base=USD&target=EUR&amount=134 HTTP/1.1" 200 10 "https://coinwhipper-scaccoman.c9users.io/" "Mozilla/5.0 (Windows NT 10.0; Win64; x64) AppleWebKit/537.36 (KHTML, like Gecko) Chrome/64.0.3282.140 Safari/537.36"
::ffff:10.240.0.87 - - [13/Feb/2018:12:29:12 +0000] "GET /api/calculate_exchange?base=USD&target=EUR&amount=13453 HTTP/1.1" 200 12 "https://coinwhipper-scaccoman.c9users.io/" "Mozilla/5.0 (Windows NT 10.0; Win64; x64) AppleWebKit/537.36 (KHTML, like Gecko) Chrome/64.0.3282.140 Safari/537.36"
::ffff:10.240.1.220 - - [13/Feb/2018:12:29:12 +0000] "GET /api/calculate_exchange?base=USD&target=EUR&amount=13 HTTP/1.1" 200 18 "https://coinwhipper-scaccoman.c9users.io/" "Mozilla/5.0 (Windows NT 10.0; Win64; x64) AppleWebKit/537.36 (KHTML, like Gecko) Chrome/64.0.3282.140 Safari/537.36"
::ffff:10.240.0.88 - - [13/Feb/2018:12:29:12 +0000] "GET /api/stats HTTP/1.1" 200 1469 "https://coinwhipper-scaccoman.c9users.io/" "Mozilla/5.0 (Windows NT 10.0; Win64; x64) AppleWebKit/537.36 (KHTML, like Gecko) Chrome/64.0.3282.140 Safari/537.36"
::ffff:10.240.0.222 - - [13/Feb/2018:12:29:12 +0000] "GET /api/calculate_exchange?base=USD&target=EUR&amount=1345 HTTP/1.1" 200 10 "https://coinwhipper-scaccoman.c9users.io/" "Mozilla/5.0 (Windows NT 10.0; Win64; x64) AppleWebKit/537.36 (KHTML, like Gecko) Chrome/64.0.3282.140 Safari/537.36"
