::ffff:10.240.1.99 - - [13/Feb/2018:10:56:14 +0000] "GET /api/calculate_exchange?base=USD&target=EUR&amount=132423423 HTTP/1.1" 304 - "https://coinwhipper-scaccoman.c9users.io/" "Mozilla/5.0 (Windows NT 10.0; Win64; x64) AppleWebKit/537.36 (KHTML, like Gecko) Chrome/64.0.3282.140 Safari/537.36"
::ffff:10.240.0.90 - - [13/Feb/2018:10:56:14 +0000] "GET /api/calculate_exchange?base=USD&target=EUR&amount=1324234234 HTTP/1.1" 200 18 "https://coinwhipper-scaccoman.c9users.io/" "Mozilla/5.0 (Windows NT 10.0; Win64; x64) AppleWebKit/537.36 (KHTML, like Gecko) Chrome/64.0.3282.140 Safari/537.36"
::ffff:10.240.0.90 - - [13/Feb/2018:10:56:14 +0000] "GET /api/stats HTTP/1.1" 200 1478 "https://coinwhipper-scaccoman.c9users.io/" "Mozilla/5.0 (Windows NT 10.0; Win64; x64) AppleWebKit/537.36 (KHTML, like Gecko) Chrome/64.0.3282.140 Safari/537.36"
::ffff:10.240.0.87 - - [13/Feb/2018:10:56:14 +0000] "GET /api/calculate_exchange?base=USD&target=EUR&amount=1324234 HTTP/1.1" 304 - "https://coinwhipper-scaccoman.c9users.io/" "Mozilla/5.0 (Windows NT 10.0; Win64; x64) AppleWebKit/537.36 (KHTML, like Gecko) Chrome/64.0.3282.140 Safari/537.36"
::ffff:10.240.0.87 - - [13/Feb/2018:10:56:15 +0000] "GET /api/stats HTTP/1.1" 200 1478 "https://coinwhipper-scaccoman.c9users.io/" "Mozilla/5.0 (Windows NT 10.0; Win64; x64) AppleWebKit/537.36 (KHTML, like Gecko) Chrome/64.0.3282.140 Safari/537.36"
::ffff:10.240.1.189 - - [13/Feb/2018:10:56:15 +0000] "GET /api/stats HTTP/1.1" 304 - "https://coinwhipper-scaccoman.c9users.io/" "Mozilla/5.0 (Windows NT 10.0; Win64; x64) AppleWebKit/537.36 (KHTML, like Gecko) Chrome/64.0.3282.140 Safari/537.36"
::ffff:10.240.0.90 - - [13/Feb/2018:10:56:15 +0000] "GET /api/stats HTTP/1.1" 304 - "https://coinwhipper-scaccoman.c9users.io/" "Mozilla/5.0 (Windows NT 10.0; Win64; x64) AppleWebKit/537.36 (KHTML, like Gecko) Chrome/64.0.3282.140 Safari/537.36"
::ffff:10.240.0.87 - - [13/Feb/2018:10:56:15 +0000] "GET /api/stats HTTP/1.1" 304 - "https://coinwhipper-scaccoman.c9users.io/" "Mozilla/5.0 (Windows NT 10.0; Win64; x64) AppleWebKit/537.36 (KHTML, like Gecko) Chrome/64.0.3282.140 Safari/537.36"
::ffff:10.240.1.220 - - [13/Feb/2018:10:56:15 +0000] "GET /api/stats HTTP/1.1" 304 - "https://coinwhipper-scaccoman.c9users.io/" "Mozilla/5.0 (Windows NT 10.0; Win64; x64) AppleWebKit/537.36 (KHTML, like Gecko) Chrome/64.0.3282.140 Safari/537.36"
::ffff:10.240.0.185 - - [13/Feb/2018:10:56:15 +0000] "GET /api/stats HTTP/1.1" 304 - "https://coinwhipper-scaccoman.c9users.io/" "Mozilla/5.0 (Windows NT 10.0; Win64; x64) AppleWebKit/537.36 (KHTML, like Gecko) Chrome/64.0.3282.140 Safari/537.36"
::ffff:10.240.0.87 - - [13/Feb/2018:10:56:15 +0000] "GET /api/stats HTTP/1.1" 304 - "https://coinwhipper-scaccoman.c9users.io/" "Mozilla/5.0 (Windows NT 10.0; Win64; x64) AppleWebKit/537.36 (KHTML, like Gecko) Chrome/64.0.3282.140 Safari/537.36"
::ffff:10.240.0.185 - - [13/Feb/2018:10:56:15 +0000] "GET /api/stats HTTP/1.1" 304 - "https://coinwhipper-scaccoman.c9users.io/" "Mozilla/5.0 (Windows NT 10.0; Win64; x64) AppleWebKit/537.36 (KHTML, like Gecko) Chrome/64.0.3282.140 Safari/537.36"
::ffff:10.240.0.87 - - [13/Feb/2018:10:56:15 +0000] "GET /api/calculate_exchange?base=USD&target=EUR&amount=132423423 HTTP/1.1" 304 - "https://coinwhipper-scaccoman.c9users.io/" "Mozilla/5.0 (Windows NT 10.0; Win64; x64) AppleWebKit/537.36 (KHTML, like Gecko) Chrome/64.0.3282.140 Safari/537.36"
::ffff:10.240.1.220 - - [13/Feb/2018:10:56:16 +0000] "GET /api/calculate_exchange?base=USD&target=EUR&amount=13242342 HTTP/1.1" 304 - "https://coinwhipper-scaccoman.c9users.io/" "Mozilla/5.0 (Windows NT 10.0; Win64; x64) AppleWebKit/537.36 (KHTML, like Gecko) Chrome/64.0.3282.140 Safari/537.36"
::ffff:10.240.0.87 - - [13/Feb/2018:10:56:16 +0000] "GET /api/stats HTTP/1.1" 200 1478 "https://coinwhipper-scaccoman.c9users.io/" "Mozilla/5.0 (Windows NT 10.0; Win64; x64) AppleWebKit/537.36 (KHTML, like Gecko) Chrome/64.0.3282.140 Safari/537.36"
::ffff:10.240.1.220 - - [13/Feb/2018:10:56:16 +0000] "GET /api/calculate_exchange?base=USD&target=EUR&amount=1324234 HTTP/1.1" 304 - "https://coinwhipper-scaccoman.c9users.io/" "Mozilla/5.0 (Windows NT 10.0; Win64; x64) AppleWebKit/537.36 (KHTML, like Gecko) Chrome/64.0.3282.140 Safari/537.36"
::ffff:10.240.0.187 - - [13/Feb/2018:10:56:16 +0000] "GET /api/calculate_exchange?base=USD&target=EUR&amount=13242 HTTP/1.1" 304 - "https://coinwhipper-scaccoman.c9users.io/" "Mozilla/5.0 (Windows NT 10.0; Win64; x64) AppleWebKit/537.36 (KHTML, like Gecko) Chrome/64.0.3282.140 Safari/537.36"
::ffff:10.240.0.227 - - [13/Feb/2018:10:56:16 +0000] "GET /api/calculate_exchange?base=USD&target=EUR&amount=1324 HTTP/1.1" 304 - "https://coinwhipper-scaccoman.c9users.io/" "Mozilla/5.0 (Windows NT 10.0; Win64; x64) AppleWebKit/537.36 (KHTML, like Gecko) Chrome/64.0.3282.140 Safari/537.36"
::ffff:10.240.1.99 - - [13/Feb/2018:10:56:16 +0000] "GET /api/calculate_exchange?base=USD&target=EUR&amount=132 HTTP/1.1" 304 - "https://coinwhipper-scaccoman.c9users.io/" "Mozilla/5.0 (Windows NT 10.0; Win64; x64) AppleWebKit/537.36 (KHTML, like Gecko) Chrome/64.0.3282.140 Safari/537.36"
::ffff:10.240.1.220 - - [13/Feb/2018:10:56:16 +0000] "GET /api/calculate_exchange?base=USD&target=EUR&amount=13 HTTP/1.1" 304 - "https://coinwhipper-scaccoman.c9users.io/" "Mozilla/5.0 (Windows NT 10.0; Win64; x64) AppleWebKit/537.36 (KHTML, like Gecko) Chrome/64.0.3282.140 Safari/537.36"
::ffff:10.240.0.187 - - [13/Feb/2018:10:56:16 +0000] "GET /api/calculate_exchange?base=USD&target=EUR&amount=1 HTTP/1.1" 304 - "https://coinwhipper-scaccoman.c9users.io/" "Mozilla/5.0 (Windows NT 10.0; Win64; x64) AppleWebKit/537.36 (KHTML, like Gecko) Chrome/64.0.3282.140 Safari/537.36"
::ffff:10.240.0.187 - - [13/Feb/2018:10:56:16 +0000] "GET /api/calculate_exchange?base=USD&target=EUR&amount= HTTP/1.1" 304 - "https://coinwhipper-scaccoman.c9users.io/" "Mozilla/5.0 (Windows NT 10.0; Win64; x64) AppleWebKit/537.36 (KHTML, like Gecko) Chrome/64.0.3282.140 Safari/537.36"
::ffff:10.240.1.99 - - [13/Feb/2018:10:56:16 +0000] "GET /api/stats HTTP/1.1" 200 1478 "https://coinwhipper-scaccoman.c9users.io/" "Mozilla/5.0 (Windows NT 10.0; Win64; x64) AppleWebKit/537.36 (KHTML, like Gecko) Chrome/64.0.3282.140 Safari/537.36"
::ffff:10.240.0.222 - - [13/Feb/2018:10:56:16 +0000] "GET /api/calculate_exchange?base=USD&target=EUR&amount=132423 HTTP/1.1" 304 - "https://coinwhipper-scaccoman.c9users.io/" "Mozilla/5.0 (Windows NT 10.0; Win64; x64) AppleWebKit/537.36 (KHTML, like Gecko) Chrome/64.0.3282.140 Safari/537.36"
::ffff:10.240.0.185 - - [13/Feb/2018:10:56:16 +0000] "GET /api/stats HTTP/1.1" 200 1478 "https://coinwhipper-scaccoman.c9users.io/" "Mozilla/5.0 (Windows NT 10.0; Win64; x64) AppleWebKit/537.36 (KHTML, like Gecko) Chrome/64.0.3282.140 Safari/537.36"
::ffff:10.240.1.189 - - [13/Feb/2018:10:56:16 +0000] "GET /api/stats HTTP/1.1" 304 - "https://coinwhipper-scaccoman.c9users.io/" "Mozilla/5.0 (Windows NT 10.0; Win64; x64) AppleWebKit/537.36 (KHTML, like Gecko) Chrome/64.0.3282.140 Safari/537.36"
::ffff:10.240.0.88 - - [13/Feb/2018:10:56:16 +0000] "GET /api/stats HTTP/1.1" 304 - "https://coinwhipper-scaccoman.c9users.io/" "Mozilla/5.0 (Windows NT 10.0; Win64; x64) AppleWebKit/537.36 (KHTML, like Gecko) Chrome/64.0.3282.140 Safari/537.36"
::ffff:10.240.1.220 - - [13/Feb/2018:10:56:17 +0000] "GET /api/stats HTTP/1.1" 304 - "https://coinwhipper-scaccoman.c9users.io/" "Mozilla/5.0 (Windows NT 10.0; Win64; x64) AppleWebKit/537.36 (KHTML, like Gecko) Chrome/64.0.3282.140 Safari/537.36"
::ffff:10.240.1.220 - - [13/Feb/2018:10:56:17 +0000] "GET /api/stats HTTP/1.1" 304 - "https://coinwhipper-scaccoman.c9users.io/" "Mozilla/5.0 (Windows NT 10.0; Win64; x64) AppleWebKit/537.36 (KHTML, like Gecko) Chrome/64.0.3282.140 Safari/537.36"
::ffff:10.240.1.220 - - [13/Feb/2018:10:56:17 +0000] "GET /api/stats HTTP/1.1" 304 - "https://coinwhipper-scaccoman.c9users.io/" "Mozilla/5.0 (Windows NT 10.0; Win64; x64) AppleWebKit/537.36 (KHTML, like Gecko) Chrome/64.0.3282.140 Safari/537.36"
::ffff:10.240.1.220 - - [13/Feb/2018:10:56:17 +0000] "GET /api/stats HTTP/1.1" 304 - "https://coinwhipper-scaccoman.c9users.io/" "Mozilla/5.0 (Windows NT 10.0; Win64; x64) AppleWebKit/537.36 (KHTML, like Gecko) Chrome/64.0.3282.140 Safari/537.36"
::ffff:10.240.0.222 - - [13/Feb/2018:10:56:17 +0000] "GET /api/stats HTTP/1.1" 304 - "https://coinwhipper-scaccoman.c9users.io/" "Mozilla/5.0 (Windows NT 10.0; Win64; x64) AppleWebKit/537.36 (KHTML, like Gecko) Chrome/64.0.3282.140 Safari/537.36"
::ffff:10.240.0.227 - - [13/Feb/2018:10:56:20 +0000] "GET /api/calculate_exchange?base=USD&target=EUR&amount=2 HTTP/1.1" 200 8 "https://coinwhipper-scaccoman.c9users.io/" "Mozilla/5.0 (Windows NT 10.0; Win64; x64) AppleWebKit/537.36 (KHTML, like Gecko) Chrome/64.0.3282.140 Safari/537.36"
::ffff:10.240.0.90 - - [13/Feb/2018:10:56:20 +0000] "GET /api/calculate_exchange?base=USD&target=EUR&amount=23 HTTP/1.1" 200 9 "https://coinwhipper-scaccoman.c9users.io/" "Mozilla/5.0 (Windows NT 10.0; Win64; x64) AppleWebKit/537.36 (KHTML, like Gecko) Chrome/64.0.3282.140 Safari/537.36"
::ffff:10.240.1.97 - - [13/Feb/2018:10:56:20 +0000] "GET /api/calculate_exchange?base=USD&target=EUR&amount=234 HTTP/1.1" 200 18 "https://coinwhipper-scaccoman.c9users.io/" "Mozilla/5.0 (Windows NT 10.0; Win64; x64) AppleWebKit/537.36 (KHTML, like Gecko) Chrome/64.0.3282.140 Safari/537.36"
::ffff:10.240.1.99 - - [13/Feb/2018:10:56:20 +0000] "GET /api/calculate_exchange?base=USD&target=EUR&amount=2342 HTTP/1.1" 200 11 "https://coinwhipper-scaccoman.c9users.io/" "Mozilla/5.0 (Windows NT 10.0; Win64; x64) AppleWebKit/537.36 (KHTML, like Gecko) Chrome/64.0.3282.140 Safari/537.36"
::ffff:10.240.0.88 - - [13/Feb/2018:10:56:20 +0000] "GET /api/calculate_exchange?base=USD&target=EUR&amount=23423 HTTP/1.1" 200 12 "https://coinwhipper-scaccoman.c9users.io/" "Mozilla/5.0 (Windows NT 10.0; Win64; x64) AppleWebKit/537.36 (KHTML, like Gecko) Chrome/64.0.3282.140 Safari/537.36"
::ffff:10.240.0.187 - - [13/Feb/2018:10:56:20 +0000] "GET /api/calculate_exchange?base=USD&target=EUR&amount=234232 HTTP/1.1" 200 13 "https://coinwhipper-scaccoman.c9users.io/" "Mozilla/5.0 (Windows NT 10.0; Win64; x64) AppleWebKit/537.36 (KHTML, like Gecko) Chrome/64.0.3282.140 Safari/537.36"
::ffff:10.240.0.185 - - [13/Feb/2018:10:56:20 +0000] "GET /api/calculate_exchange?base=USD&target=EUR&amount=2342323 HTTP/1.1" 200 14 "https://coinwhipper-scaccoman.c9users.io/" "Mozilla/5.0 (Windows NT 10.0; Win64; x64) AppleWebKit/537.36 (KHTML, like Gecko) Chrome/64.0.3282.140 Safari/537.36"
::ffff:10.240.1.97 - - [13/Feb/2018:10:56:20 +0000] "GET /api/calculate_exchange?base=USD&target=EUR&amount=23423234 HTTP/1.1" 200 15 "https://coinwhipper-scaccoman.c9users.io/" "Mozilla/5.0 (Windows NT 10.0; Win64; x64) AppleWebKit/537.36 (KHTML, like Gecko) Chrome/64.0.3282.140 Safari/537.36"
::ffff:10.240.0.87 - - [13/Feb/2018:10:56:20 +0000] "GET /api/stats HTTP/1.1" 200 1478 "https://coinwhipper-scaccoman.c9users.io/" "Mozilla/5.0 (Windows NT 10.0; Win64; x64) AppleWebKit/537.36 (KHTML, like Gecko) Chrome/64.0.3282.140 Safari/537.36"
::ffff:10.240.0.185 - - [13/Feb/2018:10:56:20 +0000] "GET /api/stats HTTP/1.1" 304 - "https://coinwhipper-scaccoman.c9users.io/" "Mozilla/5.0 (Windows NT 10.0; Win64; x64) AppleWebKit/537.36 (KHTML, like Gecko) Chrome/64.0.3282.140 Safari/537.36"
::ffff:10.240.1.97 - - [13/Feb/2018:10:56:20 +0000] "GET /api/stats HTTP/1.1" 304 - "https://coinwhipper-scaccoman.c9users.io/" "Mozilla/5.0 (Windows NT 10.0; Win64; x64) AppleWebKit/537.36 (KHTML, like Gecko) Chrome/64.0.3282.140 Safari/537.36"
::ffff:10.240.1.189 - - [13/Feb/2018:10:56:20 +0000] "GET /api/stats HTTP/1.1" 304 - "https://coinwhipper-scaccoman.c9users.io/" "Mozilla/5.0 (Windows NT 10.0; Win64; x64) AppleWebKit/537.36 (KHTML, like Gecko) Chrome/64.0.3282.140 Safari/537.36"
::ffff:10.240.0.227 - - [13/Feb/2018:10:56:20 +0000] "GET /api/stats HTTP/1.1" 304 - "https://coinwhipper-scaccoman.c9users.io/" "Mozilla/5.0 (Windows NT 10.0; Win64; x64) AppleWebKit/537.36 (KHTML, like Gecko) Chrome/64.0.3282.140 Safari/537.36"
::ffff:10.240.0.227 - - [13/Feb/2018:10:56:21 +0000] "GET /api/stats HTTP/1.1" 304 - "https://coinwhipper-scaccoman.c9users.io/" "Mozilla/5.0 (Windows NT 10.0; Win64; x64) AppleWebKit/537.36 (KHTML, like Gecko) Chrome/64.0.3282.140 Safari/537.36"
::ffff:10.240.1.189 - - [13/Feb/2018:10:56:21 +0000] "GET /api/stats HTTP/1.1" 304 - "https://coinwhipper-scaccoman.c9users.io/" "Mozilla/5.0 (Windows NT 10.0; Win64; x64) AppleWebKit/537.36 (KHTML, like Gecko) Chrome/64.0.3282.140 Safari/537.36"
::ffff:10.240.1.189 - - [13/Feb/2018:10:56:21 +0000] "GET /api/stats HTTP/1.1" 304 - "https://coinwhipper-scaccoman.c9users.io/" "Mozilla/5.0 (Windows NT 10.0; Win64; x64) AppleWebKit/537.36 (KHTML, like Gecko) Chrome/64.0.3282.140 Safari/537.36"
::ffff:10.240.1.99 - - [13/Feb/2018:10:57:02 +0000] "GET /api/stats HTTP/1.1" 304 - "https://coinwhipper-scaccoman.c9users.io/" "Mozilla/5.0 (Windows NT 10.0; Win64; x64) AppleWebKit/537.36 (KHTML, like Gecko) Chrome/64.0.3282.140 Safari/537.36"
::ffff:10.240.1.220 - - [13/Feb/2018:10:57:02 +0000] "GET /api/calculate_exchange?base=USD&target=EUR&amount=234232345 HTTP/1.1" 200 15 "https://coinwhipper-scaccoman.c9users.io/" "Mozilla/5.0 (Windows NT 10.0; Win64; x64) AppleWebKit/537.36 (KHTML, like Gecko) Chrome/64.0.3282.140 Safari/537.36"
::ffff:10.240.0.227 - - [13/Feb/2018:10:57:05 +0000] "GET /api/calculate_exchange?base=USD&target=EUR&amount=2342323454 HTTP/1.1" 200 17 "https://coinwhipper-scaccoman.c9users.io/" "Mozilla/5.0 (Windows NT 10.0; Win64; x64) AppleWebKit/537.36 (KHTML, like Gecko) Chrome/64.0.3282.140 Safari/537.36"
::ffff:10.240.1.99 - - [13/Feb/2018:10:57:05 +0000] "GET /api/stats HTTP/1.1" 200 1478 "https://coinwhipper-scaccoman.c9users.io/" "Mozilla/5.0 (Windows NT 10.0; Win64; x64) AppleWebKit/537.36 (KHTML, like Gecko) Chrome/64.0.3282.140 Safari/537.36"
::ffff:10.240.0.227 - - [13/Feb/2018:10:57:09 +0000] "GET /api/calculate_exchange?base=USD&target=EUR&amount=23423234544 HTTP/1.1" 200 18 "https://coinwhipper-scaccoman.c9users.io/" "Mozilla/5.0 (Windows NT 10.0; Win64; x64) AppleWebKit/537.36 (KHTML, like Gecko) Chrome/64.0.3282.140 Safari/537.36"
::ffff:10.240.1.220 - - [13/Feb/2018:10:57:09 +0000] "GET /api/stats HTTP/1.1" 200 1478 "https://coinwhipper-scaccoman.c9users.io/" "Mozilla/5.0 (Windows NT 10.0; Win64; x64) AppleWebKit/537.36 (KHTML, like Gecko) Chrome/64.0.3282.140 Safari/537.36"
::ffff:10.240.0.222 - - [13/Feb/2018:10:57:12 +0000] "GET /api/calculate_exchange?base=USD&target=EUR&amount=234232345448 HTTP/1.1" 200 18 "https://coinwhipper-scaccoman.c9users.io/" "Mozilla/5.0 (Windows NT 10.0; Win64; x64) AppleWebKit/537.36 (KHTML, like Gecko) Chrome/64.0.3282.140 Safari/537.36"
::ffff:10.240.0.227 - - [13/Feb/2018:10:57:13 +0000] "GET /api/stats HTTP/1.1" 200 1478 "https://coinwhipper-scaccoman.c9users.io/" "Mozilla/5.0 (Windows NT 10.0; Win64; x64) AppleWebKit/537.36 (KHTML, like Gecko) Chrome/64.0.3282.140 Safari/537.36"
::ffff:10.240.0.227 - - [13/Feb/2018:10:57:16 +0000] "GET /api/calculate_exchange?base=USD&target=EUR&amount=23423234544842 HTTP/1.1" 200 17 "https://coinwhipper-scaccoman.c9users.io/" "Mozilla/5.0 (Windows NT 10.0; Win64; x64) AppleWebKit/537.36 (KHTML, like Gecko) Chrome/64.0.3282.140 Safari/537.36"
::ffff:10.240.1.99 - - [13/Feb/2018:10:57:16 +0000] "GET /api/calculate_exchange?base=USD&target=EUR&amount=2342323454484234 HTTP/1.1" 200 18 "https://coinwhipper-scaccoman.c9users.io/" "Mozilla/5.0 (Windows NT 10.0; Win64; x64) AppleWebKit/537.36 (KHTML, like Gecko) Chrome/64.0.3282.140 Safari/537.36"
::ffff:10.240.1.99 - - [13/Feb/2018:10:57:16 +0000] "GET /api/calculate_exchange?base=USD&target=EUR&amount=234232345448423423 HTTP/1.1" 200 18 "https://coinwhipper-scaccoman.c9users.io/" "Mozilla/5.0 (Windows NT 10.0; Win64; x64) AppleWebKit/537.36 (KHTML, like Gecko) Chrome/64.0.3282.140 Safari/537.36"
::ffff:10.240.1.99 - - [13/Feb/2018:10:57:16 +0000] "GET /api/calculate_exchange?base=USD&target=EUR&amount=2342323454484234232 HTTP/1.1" 200 19 "https://coinwhipper-scaccoman.c9users.io/" "Mozilla/5.0 (Windows NT 10.0; Win64; x64) AppleWebKit/537.36 (KHTML, like Gecko) Chrome/64.0.3282.140 Safari/537.36"
::ffff:10.240.1.0 - - [13/Feb/2018:10:57:16 +0000] "GET /api/calculate_exchange?base=USD&target=EUR&amount=2342323454484 HTTP/1.1" 200 18 "https://coinwhipper-scaccoman.c9users.io/" "Mozilla/5.0 (Windows NT 10.0; Win64; x64) AppleWebKit/537.36 (KHTML, like Gecko) Chrome/64.0.3282.140 Safari/537.36"
::ffff:10.240.0.222 - - [13/Feb/2018:10:57:16 +0000] "GET /api/calculate_exchange?base=USD&target=EUR&amount=23423234544842342323 HTTP/1.1" 200 20 "https://coinwhipper-scaccoman.c9users.io/" "Mozilla/5.0 (Windows NT 10.0; Win64; x64) AppleWebKit/537.36 (KHTML, like Gecko) Chrome/64.0.3282.140 Safari/537.36"
::ffff:10.240.1.0 - - [13/Feb/2018:10:57:16 +0000] "GET /api/stats HTTP/1.1" 200 1478 "https://coinwhipper-scaccoman.c9users.io/" "Mozilla/5.0 (Windows NT 10.0; Win64; x64) AppleWebKit/537.36 (KHTML, like Gecko) Chrome/64.0.3282.140 Safari/537.36"
::ffff:10.240.1.0 - - [13/Feb/2018:10:57:16 +0000] "GET /api/calculate_exchange?base=USD&target=EUR&amount=234232345448423 HTTP/1.1" 200 18 "https://coinwhipper-scaccoman.c9users.io/" "Mozilla/5.0 (Windows NT 10.0; Win64; x64) AppleWebKit/537.36 (KHTML, like Gecko) Chrome/64.0.3282.140 Safari/537.36"
::ffff:10.240.1.99 - - [13/Feb/2018:10:57:16 +0000] "GET /api/stats HTTP/1.1" 200 1478 "https://coinwhipper-scaccoman.c9users.io/" "Mozilla/5.0 (Windows NT 10.0; Win64; x64) AppleWebKit/537.36 (KHTML, like Gecko) Chrome/64.0.3282.140 Safari/537.36"
::ffff:10.240.0.222 - - [13/Feb/2018:10:57:16 +0000] "GET /api/stats HTTP/1.1" 304 - "https://coinwhipper-scaccoman.c9users.io/" "Mozilla/5.0 (Windows NT 10.0; Win64; x64) AppleWebKit/537.36 (KHTML, like Gecko) Chrome/64.0.3282.140 Safari/537.36"
::ffff:10.240.0.185 - - [13/Feb/2018:10:57:16 +0000] "GET /api/calculate_exchange?base=USD&target=EUR&amount=23423234544842342 HTTP/1.1" 200 17 "https://coinwhipper-scaccoman.c9users.io/" "Mozilla/5.0 (Windows NT 10.0; Win64; x64) AppleWebKit/537.36 (KHTML, like Gecko) Chrome/64.0.3282.140 Safari/537.36"
::ffff:10.240.0.222 - - [13/Feb/2018:10:57:17 +0000] "GET /api/stats HTTP/1.1" 200 1478 "https://coinwhipper-scaccoman.c9users.io/" "Mozilla/5.0 (Windows NT 10.0; Win64; x64) AppleWebKit/537.36 (KHTML, like Gecko) Chrome/64.0.3282.140 Safari/537.36"
::ffff:10.240.1.0 - - [13/Feb/2018:10:57:17 +0000] "GET /api/stats HTTP/1.1" 304 - "https://coinwhipper-scaccoman.c9users.io/" "Mozilla/5.0 (Windows NT 10.0; Win64; x64) AppleWebKit/537.36 (KHTML, like Gecko) Chrome/64.0.3282.140 Safari/537.36"
::ffff:10.240.0.227 - - [13/Feb/2018:10:57:17 +0000] "GET /api/stats HTTP/1.1" 304 - "https://coinwhipper-scaccoman.c9users.io/" "Mozilla/5.0 (Windows NT 10.0; Win64; x64) AppleWebKit/537.36 (KHTML, like Gecko) Chrome/64.0.3282.140 Safari/537.36"
::ffff:10.240.0.227 - - [13/Feb/2018:10:57:17 +0000] "GET /api/stats HTTP/1.1" 304 - "https://coinwhipper-scaccoman.c9users.io/" "Mozilla/5.0 (Windows NT 10.0; Win64; x64) AppleWebKit/537.36 (KHTML, like Gecko) Chrome/64.0.3282.140 Safari/537.36"
::ffff:10.240.0.227 - - [13/Feb/2018:10:57:17 +0000] "GET /api/stats HTTP/1.1" 304 - "https://coinwhipper-scaccoman.c9users.io/" "Mozilla/5.0 (Windows NT 10.0; Win64; x64) AppleWebKit/537.36 (KHTML, like Gecko) Chrome/64.0.3282.140 Safari/537.36"
::ffff:10.240.0.185 - - [13/Feb/2018:10:57:24 +0000] "GET /api/calculate_exchange?base=USD&target=EUR&amount=2343234544842342323 HTTP/1.1" 200 19 "https://coinwhipper-scaccoman.c9users.io/" "Mozilla/5.0 (Windows NT 10.0; Win64; x64) AppleWebKit/537.36 (KHTML, like Gecko) Chrome/64.0.3282.140 Safari/537.36"
::ffff:10.240.0.90 - - [13/Feb/2018:10:57:25 +0000] "GET /api/stats HTTP/1.1" 200 1478 "https://coinwhipper-scaccoman.c9users.io/" "Mozilla/5.0 (Windows NT 10.0; Win64; x64) AppleWebKit/537.36 (KHTML, like Gecko) Chrome/64.0.3282.140 Safari/537.36"
::ffff:10.240.0.90 - - [13/Feb/2018:10:57:33 +0000] "GET /api/stats HTTP/1.1" 304 - "https://coinwhipper-scaccoman.c9users.io/" "Mozilla/5.0 (Windows NT 10.0; Win64; x64) AppleWebKit/537.36 (KHTML, like Gecko) Chrome/64.0.3282.140 Safari/537.36"
::ffff:10.240.0.187 - - [13/Feb/2018:10:57:33 +0000] "GET /api/calculate_exchange?base=USD&target=EUR&amount= HTTP/1.1" 304 - "https://coinwhipper-scaccoman.c9users.io/" "Mozilla/5.0 (Windows NT 10.0; Win64; x64) AppleWebKit/537.36 (KHTML, like Gecko) Chrome/64.0.3282.140 Safari/537.36"
::ffff:10.240.1.0 - - [13/Feb/2018:10:57:35 +0000] "GET /api/calculate_exchange?base=USD&target=EUR&amount=0 HTTP/1.1" 304 - "https://coinwhipper-scaccoman.c9users.io/" "Mozilla/5.0 (Windows NT 10.0; Win64; x64) AppleWebKit/537.36 (KHTML, like Gecko) Chrome/64.0.3282.140 Safari/537.36"
::ffff:10.240.0.227 - - [13/Feb/2018:10:57:35 +0000] "GET /api/stats HTTP/1.1" 200 1478 "https://coinwhipper-scaccoman.c9users.io/" "Mozilla/5.0 (Windows NT 10.0; Win64; x64) AppleWebKit/537.36 (KHTML, like Gecko) Chrome/64.0.3282.140 Safari/537.36"
::ffff:10.240.0.187 - - [13/Feb/2018:10:57:37 +0000] "GET /api/calculate_exchange?base=USD&target=EUR&amount= HTTP/1.1" 304 - "https://coinwhipper-scaccoman.c9users.io/" "Mozilla/5.0 (Windows NT 10.0; Win64; x64) AppleWebKit/537.36 (KHTML, like Gecko) Chrome/64.0.3282.140 Safari/537.36"
::ffff:10.240.0.222 - - [13/Feb/2018:10:57:37 +0000] "GET /api/stats HTTP/1.1" 200 1478 "https://coinwhipper-scaccoman.c9users.io/" "Mozilla/5.0 (Windows NT 10.0; Win64; x64) AppleWebKit/537.36 (KHTML, like Gecko) Chrome/64.0.3282.140 Safari/537.36"
::ffff:10.240.1.99 - - [13/Feb/2018:10:57:37 +0000] "GET /api/calculate_exchange?base=USD&target=EUR&amount=1 HTTP/1.1" 304 - "https://coinwhipper-scaccoman.c9users.io/" "Mozilla/5.0 (Windows NT 10.0; Win64; x64) AppleWebKit/537.36 (KHTML, like Gecko) Chrome/64.0.3282.140 Safari/537.36"
::ffff:10.240.0.185 - - [13/Feb/2018:10:57:38 +0000] "GET /api/stats HTTP/1.1" 200 1478 "https://coinwhipper-scaccoman.c9users.io/" "Mozilla/5.0 (Windows NT 10.0; Win64; x64) AppleWebKit/537.36 (KHTML, like Gecko) Chrome/64.0.3282.140 Safari/537.36"
::ffff:10.240.1.99 - - [13/Feb/2018:10:58:56 +0000] "GET /api HTTP/1.1" 200 31 "-" "Mozilla/5.0 (Windows NT 10.0; Win64; x64) AppleWebKit/537.36 (KHTML, like Gecko) Chrome/64.0.3282.140 Safari/537.36"
::ffff:10.240.0.90 - - [13/Feb/2018:12:04:01 +0000] "GET / HTTP/1.1" 304 - "https://ide.c9.io/scaccoman/coinwhipper" "Mozilla/5.0 (Windows NT 10.0; Win64; x64) AppleWebKit/537.36 (KHTML, like Gecko) Chrome/64.0.3282.140 Safari/537.36"
::ffff:10.240.1.97 - - [13/Feb/2018:12:04:02 +0000] "GET /static/js/main.38ecde94.js HTTP/1.1" 304 - "https://coinwhipper-scaccoman.c9users.io/" "Mozilla/5.0 (Windows NT 10.0; Win64; x64) AppleWebKit/537.36 (KHTML, like Gecko) Chrome/64.0.3282.140 Safari/537.36"
::ffff:10.240.0.88 - - [13/Feb/2018:12:04:02 +0000] "GET /style/style.css HTTP/1.1" 304 - "https://coinwhipper-scaccoman.c9users.io/" "Mozilla/5.0 (Windows NT 10.0; Win64; x64) AppleWebKit/537.36 (KHTML, like Gecko) Chrome/64.0.3282.140 Safari/537.36"
::ffff:10.240.0.88 - - [13/Feb/2018:12:04:02 +0000] "GET /static/css/main.a6b6d2d1.css HTTP/1.1" 304 - "https://coinwhipper-scaccoman.c9users.io/" "Mozilla/5.0 (Windows NT 10.0; Win64; x64) AppleWebKit/537.36 (KHTML, like Gecko) Chrome/64.0.3282.140 Safari/537.36"
::ffff:10.240.0.88 - - [13/Feb/2018:12:04:02 +0000] "GET /api/stats HTTP/1.1" 200 1447 "https://coinwhipper-scaccoman.c9users.io/" "Mozilla/5.0 (Windows NT 10.0; Win64; x64) AppleWebKit/537.36 (KHTML, like Gecko) Chrome/64.0.3282.140 Safari/537.36"
::ffff:10.240.0.88 - - [13/Feb/2018:12:04:02 +0000] "GET /favicon.ico HTTP/1.1" 404 150 "https://coinwhipper-scaccoman.c9users.io/" "Mozilla/5.0 (Windows NT 10.0; Win64; x64) AppleWebKit/537.36 (KHTML, like Gecko) Chrome/64.0.3282.140 Safari/537.36"
::ffff:10.240.1.97 - - [13/Feb/2018:12:04:03 +0000] "GET /api/calculate_exchange?base=USD&target=EUR&amount=1 HTTP/1.1" 500 32 "https://coinwhipper-scaccoman.c9users.io/" "Mozilla/5.0 (Windows NT 10.0; Win64; x64) AppleWebKit/537.36 (KHTML, like Gecko) Chrome/64.0.3282.140 Safari/537.36"
::ffff:10.240.1.97 - - [13/Feb/2018:12:04:04 +0000] "GET /style/style.css HTTP/1.1" 304 - "https://coinwhipper-scaccoman.c9users.io/" "Mozilla/5.0 (Windows NT 10.0; Win64; x64) AppleWebKit/537.36 (KHTML, like Gecko) Chrome/64.0.3282.140 Safari/537.36"
::ffff:10.240.1.97 - - [13/Feb/2018:12:04:04 +0000] "GET /static/js/main.38ecde94.js.map HTTP/1.1" 304 - "-" "Mozilla/5.0 (Windows NT 10.0; Win64; x64) AppleWebKit/537.36 (KHTML, like Gecko) Chrome/64.0.3282.140 Safari/537.36"
::ffff:10.240.0.87 - - [13/Feb/2018:12:04:04 +0000] "GET /static/css/main.a6b6d2d1.css HTTP/1.1" 304 - "https://coinwhipper-scaccoman.c9users.io/" "Mozilla/5.0 (Windows NT 10.0; Win64; x64) AppleWebKit/537.36 (KHTML, like Gecko) Chrome/64.0.3282.140 Safari/537.36"
::ffff:10.240.1.220 - - [13/Feb/2018:12:04:05 +0000] "GET /static/css/main.a6b6d2d1.css.map HTTP/1.1" 304 - "-" "Mozilla/5.0 (Windows NT 10.0; Win64; x64) AppleWebKit/537.36 (KHTML, like Gecko) Chrome/64.0.3282.140 Safari/537.36"
::ffff:10.240.0.88 - - [13/Feb/2018:12:04:19 +0000] "GET / HTTP/1.1" 304 - "https://ide.c9.io/scaccoman/coinwhipper" "Mozilla/5.0 (Windows NT 10.0; Win64; x64) AppleWebKit/537.36 (KHTML, like Gecko) Chrome/64.0.3282.140 Safari/537.36"
::ffff:10.240.0.88 - - [13/Feb/2018:12:04:19 +0000] "GET /style/style.css HTTP/1.1" 304 - "https://coinwhipper-scaccoman.c9users.io/" "Mozilla/5.0 (Windows NT 10.0; Win64; x64) AppleWebKit/537.36 (KHTML, like Gecko) Chrome/64.0.3282.140 Safari/537.36"
::ffff:10.240.0.88 - - [13/Feb/2018:12:04:19 +0000] "GET /static/css/main.a6b6d2d1.css HTTP/1.1" 304 - "https://coinwhipper-scaccoman.c9users.io/" "Mozilla/5.0 (Windows NT 10.0; Win64; x64) AppleWebKit/537.36 (KHTML, like Gecko) Chrome/64.0.3282.140 Safari/537.36"
::ffff:10.240.0.88 - - [13/Feb/2018:12:04:19 +0000] "GET /static/js/main.38ecde94.js HTTP/1.1" 304 - "https://coinwhipper-scaccoman.c9users.io/" "Mozilla/5.0 (Windows NT 10.0; Win64; x64) AppleWebKit/537.36 (KHTML, like Gecko) Chrome/64.0.3282.140 Safari/537.36"
::ffff:10.240.1.220 - - [13/Feb/2018:12:04:19 +0000] "GET /api/stats HTTP/1.1" 304 - "https://coinwhipper-scaccoman.c9users.io/" "Mozilla/5.0 (Windows NT 10.0; Win64; x64) AppleWebKit/537.36 (KHTML, like Gecko) Chrome/64.0.3282.140 Safari/537.36"
::ffff:10.240.0.88 - - [13/Feb/2018:12:04:19 +0000] "GET /static/js/main.38ecde94.js.map HTTP/1.1" 304 - "-" "Mozilla/5.0 (Windows NT 10.0; Win64; x64) AppleWebKit/537.36 (KHTML, like Gecko) Chrome/64.0.3282.140 Safari/537.36"
::ffff:10.240.0.88 - - [13/Feb/2018:12:04:19 +0000] "GET /static/css/main.a6b6d2d1.css.map HTTP/1.1" 304 - "-" "Mozilla/5.0 (Windows NT 10.0; Win64; x64) AppleWebKit/537.36 (KHTML, like Gecko) Chrome/64.0.3282.140 Safari/537.36"
::ffff:10.240.1.220 - - [13/Feb/2018:12:04:23 +0000] "GET /api/stats HTTP/1.1" 304 - "https://coinwhipper-scaccoman.c9users.io/" "Mozilla/5.0 (Windows NT 10.0; Win64; x64) AppleWebKit/537.36 (KHTML, like Gecko) Chrome/64.0.3282.140 Safari/537.36"
::ffff:10.240.1.220 - - [13/Feb/2018:12:04:25 +0000] "GET /api/stats HTTP/1.1" 304 - "https://coinwhipper-scaccoman.c9users.io/" "Mozilla/5.0 (Windows NT 10.0; Win64; x64) AppleWebKit/537.36 (KHTML, like Gecko) Chrome/64.0.3282.140 Safari/537.36"
::ffff:10.240.0.187 - - [13/Feb/2018:12:05:23 +0000] "GET / HTTP/1.1" 200 472 "https://ide.c9.io/scaccoman/coinwhipper" "Mozilla/5.0 (Windows NT 10.0; Win64; x64) AppleWebKit/537.36 (KHTML, like Gecko) Chrome/64.0.3282.140 Safari/537.36"
::ffff:10.240.0.187 - - [13/Feb/2018:12:05:23 +0000] "GET /static/css/main.a6b6d2d1.css HTTP/1.1" 200 8585 "https://coinwhipper-scaccoman.c9users.io/" "Mozilla/5.0 (Windows NT 10.0; Win64; x64) AppleWebKit/537.36 (KHTML, like Gecko) Chrome/64.0.3282.140 Safari/537.36"
::ffff:10.240.1.220 - - [13/Feb/2018:12:05:24 +0000] "GET /style/style.css HTTP/1.1" 200 1270 "https://coinwhipper-scaccoman.c9users.io/" "Mozilla/5.0 (Windows NT 10.0; Win64; x64) AppleWebKit/537.36 (KHTML, like Gecko) Chrome/64.0.3282.140 Safari/537.36"
::ffff:10.240.0.222 - - [13/Feb/2018:12:05:24 +0000] "GET /static/js/main.38ecde94.js HTTP/1.1" 200 261265 "https://coinwhipper-scaccoman.c9users.io/" "Mozilla/5.0 (Windows NT 10.0; Win64; x64) AppleWebKit/537.36 (KHTML, like Gecko) Chrome/64.0.3282.140 Safari/537.36"
::ffff:10.240.0.222 - - [13/Feb/2018:12:05:24 +0000] "GET /api/calculate_exchange?base=USD&target=EUR&amount=1 HTTP/1.1" 200 8 "https://coinwhipper-scaccoman.c9users.io/" "Mozilla/5.0 (Windows NT 10.0; Win64; x64) AppleWebKit/537.36 (KHTML, like Gecko) Chrome/64.0.3282.140 Safari/537.36"
::ffff:10.240.0.222 - - [13/Feb/2018:12:05:24 +0000] "GET /static/js/main.38ecde94.js.map HTTP/1.1" 304 - "-" "Mozilla/5.0 (Windows NT 10.0; Win64; x64) AppleWebKit/537.36 (KHTML, like Gecko) Chrome/64.0.3282.140 Safari/537.36"
::ffff:10.240.1.97 - - [13/Feb/2018:12:05:24 +0000] "GET /static/css/main.a6b6d2d1.css.map HTTP/1.1" 304 - "-" "Mozilla/5.0 (Windows NT 10.0; Win64; x64) AppleWebKit/537.36 (KHTML, like Gecko) Chrome/64.0.3282.140 Safari/537.36"
::ffff:10.240.0.87 - - [13/Feb/2018:12:05:25 +0000] "GET /api/stats HTTP/1.1" 200 1454 "https://coinwhipper-scaccoman.c9users.io/" "Mozilla/5.0 (Windows NT 10.0; Win64; x64) AppleWebKit/537.36 (KHTML, like Gecko) Chrome/64.0.3282.140 Safari/537.36"
::ffff:10.240.0.222 - - [13/Feb/2018:12:05:27 +0000] "GET /api/calculate_exchange?base=USD&target=EUR&amount=1324 HTTP/1.1" 200 11 "https://coinwhipper-scaccoman.c9users.io/" "Mozilla/5.0 (Windows NT 10.0; Win64; x64) AppleWebKit/537.36 (KHTML, like Gecko) Chrome/64.0.3282.140 Safari/537.36"
::ffff:10.240.1.97 - - [13/Feb/2018:12:05:27 +0000] "GET /api/calculate_exchange?base=USD&target=EUR&amount=13242 HTTP/1.1" 200 12 "https://coinwhipper-scaccoman.c9users.io/" "Mozilla/5.0 (Windows NT 10.0; Win64; x64) AppleWebKit/537.36 (KHTML, like Gecko) Chrome/64.0.3282.140 Safari/537.36"
::ffff:10.240.0.222 - - [13/Feb/2018:12:05:27 +0000] "GET /api/calculate_exchange?base=USD&target=EUR&amount=132423 HTTP/1.1" 200 13 "https://coinwhipper-scaccoman.c9users.io/" "Mozilla/5.0 (Windows NT 10.0; Win64; x64) AppleWebKit/537.36 (KHTML, like Gecko) Chrome/64.0.3282.140 Safari/537.36"
::ffff:10.240.0.87 - - [13/Feb/2018:12:05:27 +0000] "GET /api/calculate_exchange?base=USD&target=EUR&amount=1324234 HTTP/1.1" 200 14 "https://coinwhipper-scaccoman.c9users.io/" "Mozilla/5.0 (Windows NT 10.0; Win64; x64) AppleWebKit/537.36 (KHTML, like Gecko) Chrome/64.0.3282.140 Safari/537.36"
::ffff:10.240.0.222 - - [13/Feb/2018:12:05:27 +0000] "GET /api/calculate_exchange?base=USD&target=EUR&amount=13242342 HTTP/1.1" 200 15 "https://coinwhipper-scaccoman.c9users.io/" "Mozilla/5.0 (Windows NT 10.0; Win64; x64) AppleWebKit/537.36 (KHTML, like Gecko) Chrome/64.0.3282.140 Safari/537.36"
::ffff:10.240.0.90 - - [13/Feb/2018:12:05:27 +0000] "GET /api/calculate_exchange?base=USD&target=EUR&amount=132 HTTP/1.1" 200 10 "https://coinwhipper-scaccoman.c9users.io/" "Mozilla/5.0 (Windows NT 10.0; Win64; x64) AppleWebKit/537.36 (KHTML, like Gecko) Chrome/64.0.3282.140 Safari/537.36"
::ffff:10.240.0.185 - - [13/Feb/2018:12:05:27 +0000] "GET /api/calculate_exchange?base=USD&target=EUR&amount=13 HTTP/1.1" 200 18 "https://coinwhipper-scaccoman.c9users.io/" "Mozilla/5.0 (Windows NT 10.0; Win64; x64) AppleWebKit/537.36 (KHTML, like Gecko) Chrome/64.0.3282.140 Safari/537.36"
::ffff:10.240.0.87 - - [13/Feb/2018:12:05:27 +0000] "GET /api/stats HTTP/1.1" 200 1462 "https://coinwhipper-scaccoman.c9users.io/" "Mozilla/5.0 (Windows NT 10.0; Win64; x64) AppleWebKit/537.36 (KHTML, like Gecko) Chrome/64.0.3282.140 Safari/537.36"
::ffff:10.240.0.185 - - [13/Feb/2018:12:05:27 +0000] "GET /api/stats HTTP/1.1" 304 - "https://coinwhipper-scaccoman.c9users.io/" "Mozilla/5.0 (Windows NT 10.0; Win64; x64) AppleWebKit/537.36 (KHTML, like Gecko) Chrome/64.0.3282.140 Safari/537.36"
::ffff:10.240.1.97 - - [13/Feb/2018:12:05:27 +0000] "GET /api/stats HTTP/1.1" 304 - "https://coinwhipper-scaccoman.c9users.io/" "Mozilla/5.0 (Windows NT 10.0; Win64; x64) AppleWebKit/537.36 (KHTML, like Gecko) Chrome/64.0.3282.140 Safari/537.36"
::ffff:10.240.0.87 - - [13/Feb/2018:12:05:27 +0000] "GET /api/stats HTTP/1.1" 304 - "https://coinwhipper-scaccoman.c9users.io/" "Mozilla/5.0 (Windows NT 10.0; Win64; x64) AppleWebKit/537.36 (KHTML, like Gecko) Chrome/64.0.3282.140 Safari/537.36"
::ffff:10.240.1.97 - - [13/Feb/2018:12:05:27 +0000] "GET /api/stats HTTP/1.1" 304 - "https://coinwhipper-scaccoman.c9users.io/" "Mozilla/5.0 (Windows NT 10.0; Win64; x64) AppleWebKit/537.36 (KHTML, like Gecko) Chrome/64.0.3282.140 Safari/537.36"
::ffff:10.240.0.222 - - [13/Feb/2018:12:05:27 +0000] "GET /api/stats HTTP/1.1" 304 - "https://coinwhipper-scaccoman.c9users.io/" "Mozilla/5.0 (Windows NT 10.0; Win64; x64) AppleWebKit/537.36 (KHTML, like Gecko) Chrome/64.0.3282.140 Safari/537.36"
::ffff:10.240.1.97 - - [13/Feb/2018:12:05:27 +0000] "GET /api/stats HTTP/1.1" 304 - "https://coinwhipper-scaccoman.c9users.io/" "Mozilla/5.0 (Windows NT 10.0; Win64; x64) AppleWebKit/537.36 (KHTML, like Gecko) Chrome/64.0.3282.140 Safari/537.36"
::ffff:10.240.0.87 - - [13/Feb/2018:12:05:29 +0000] "GET /api/calculate_exchange?base=USD&target=EUR&amount=132423 HTTP/1.1" 304 - "https://coinwhipper-scaccoman.c9users.io/" "Mozilla/5.0 (Windows NT 10.0; Win64; x64) AppleWebKit/537.36 (KHTML, like Gecko) Chrome/64.0.3282.140 Safari/537.36"
::ffff:10.240.0.87 - - [13/Feb/2018:12:05:29 +0000] "GET /api/calculate_exchange?base=USD&target=EUR&amount=13242 HTTP/1.1" 304 - "https://coinwhipper-scaccoman.c9users.io/" "Mozilla/5.0 (Windows NT 10.0; Win64; x64) AppleWebKit/537.36 (KHTML, like Gecko) Chrome/64.0.3282.140 Safari/537.36"
::ffff:10.240.0.88 - - [13/Feb/2018:12:05:29 +0000] "GET /api/calculate_exchange?base=USD&target=EUR&amount=1324234 HTTP/1.1" 304 - "https://coinwhipper-scaccoman.c9users.io/" "Mozilla/5.0 (Windows NT 10.0; Win64; x64) AppleWebKit/537.36 (KHTML, like Gecko) Chrome/64.0.3282.140 Safari/537.36"
::ffff:10.240.0.90 - - [13/Feb/2018:12:05:29 +0000] "GET /api/calculate_exchange?base=USD&target=EUR&amount=1324 HTTP/1.1" 304 - "https://coinwhipper-scaccoman.c9users.io/" "Mozilla/5.0 (Windows NT 10.0; Win64; x64) AppleWebKit/537.36 (KHTML, like Gecko) Chrome/64.0.3282.140 Safari/537.36"
::ffff:10.240.0.185 - - [13/Feb/2018:12:05:29 +0000] "GET /api/calculate_exchange?base=USD&target=EUR&amount=13 HTTP/1.1" 304 - "https://coinwhipper-scaccoman.c9users.io/" "Mozilla/5.0 (Windows NT 10.0; Win64; x64) AppleWebKit/537.36 (KHTML, like Gecko) Chrome/64.0.3282.140 Safari/537.36"
::ffff:10.240.1.189 - - [13/Feb/2018:12:05:29 +0000] "GET /api/stats HTTP/1.1" 200 1467 "https://coinwhipper-scaccoman.c9users.io/" "Mozilla/5.0 (Windows NT 10.0; Win64; x64) AppleWebKit/537.36 (KHTML, like Gecko) Chrome/64.0.3282.140 Safari/537.36"
::ffff:10.240.0.90 - - [13/Feb/2018:12:05:29 +0000] "GET /api/stats HTTP/1.1" 304 - "https://coinwhipper-scaccoman.c9users.io/" "Mozilla/5.0 (Windows NT 10.0; Win64; x64) AppleWebKit/537.36 (KHTML, like Gecko) Chrome/64.0.3282.140 Safari/537.36"
::ffff:10.240.1.189 - - [13/Feb/2018:12:05:29 +0000] "GET /api/stats HTTP/1.1" 304 - "https://coinwhipper-scaccoman.c9users.io/" "Mozilla/5.0 (Windows NT 10.0; Win64; x64) AppleWebKit/537.36 (KHTML, like Gecko) Chrome/64.0.3282.140 Safari/537.36"
::ffff:10.240.1.97 - - [13/Feb/2018:12:05:29 +0000] "GET /api/stats HTTP/1.1" 304 - "https://coinwhipper-scaccoman.c9users.io/" "Mozilla/5.0 (Windows NT 10.0; Win64; x64) AppleWebKit/537.36 (KHTML, like Gecko) Chrome/64.0.3282.140 Safari/537.36"
::ffff:10.240.1.189 - - [13/Feb/2018:12:05:29 +0000] "GET /api/calculate_exchange?base=USD&target=EUR&amount=132 HTTP/1.1" 304 - "https://coinwhipper-scaccoman.c9users.io/" "Mozilla/5.0 (Windows NT 10.0; Win64; x64) AppleWebKit/537.36 (KHTML, like Gecko) Chrome/64.0.3282.140 Safari/537.36"
::ffff:10.240.1.189 - - [13/Feb/2018:12:05:29 +0000] "GET /api/stats HTTP/1.1" 200 1468 "https://coinwhipper-scaccoman.c9users.io/" "Mozilla/5.0 (Windows NT 10.0; Win64; x64) AppleWebKit/537.36 (KHTML, like Gecko) Chrome/64.0.3282.140 Safari/537.36"
::ffff:10.240.0.185 - - [13/Feb/2018:12:05:29 +0000] "GET /api/stats HTTP/1.1" 304 - "https://coinwhipper-scaccoman.c9users.io/" "Mozilla/5.0 (Windows NT 10.0; Win64; x64) AppleWebKit/537.36 (KHTML, like Gecko) Chrome/64.0.3282.140 Safari/537.36"
::ffff:10.240.1.189 - - [13/Feb/2018:12:05:30 +0000] "GET /api/calculate_exchange?base=USD&target=EUR&amount=1 HTTP/1.1" 304 - "https://coinwhipper-scaccoman.c9users.io/" "Mozilla/5.0 (Windows NT 10.0; Win64; x64) AppleWebKit/537.36 (KHTML, like Gecko) Chrome/64.0.3282.140 Safari/537.36"
::ffff:10.240.1.189 - - [13/Feb/2018:12:05:31 +0000] "GET /api/stats HTTP/1.1" 200 1468 "https://coinwhipper-scaccoman.c9users.io/" "Mozilla/5.0 (Windows NT 10.0; Win64; x64) AppleWebKit/537.36 (KHTML, like Gecko) Chrome/64.0.3282.140 Safari/537.36"
::ffff:10.240.1.97 - - [13/Feb/2018:12:06:09 +0000] "GET /api/calculate_exchange?base=USD&target=EUR&amount=14 HTTP/1.1" 200 9 "https://coinwhipper-scaccoman.c9users.io/" "Mozilla/5.0 (Windows NT 10.0; Win64; x64) AppleWebKit/537.36 (KHTML, like Gecko) Chrome/64.0.3282.140 Safari/537.36"
::ffff:10.240.0.185 - - [13/Feb/2018:12:06:09 +0000] "GET /api/stats HTTP/1.1" 200 1468 "https://coinwhipper-scaccoman.c9users.io/" "Mozilla/5.0 (Windows NT 10.0; Win64; x64) AppleWebKit/537.36 (KHTML, like Gecko) Chrome/64.0.3282.140 Safari/537.36"
::ffff:10.240.1.97 - - [13/Feb/2018:12:06:10 +0000] "GET /api/calculate_exchange?base=USD&target=EUR&amount=143 HTTP/1.1" 200 10 "https://coinwhipper-scaccoman.c9users.io/" "Mozilla/5.0 (Windows NT 10.0; Win64; x64) AppleWebKit/537.36 (KHTML, like Gecko) Chrome/64.0.3282.140 Safari/537.36"
::ffff:10.240.0.185 - - [13/Feb/2018:12:06:10 +0000] "GET /api/calculate_exchange?base=USD&target=EUR&amount=1433 HTTP/1.1" 200 11 "https://coinwhipper-scaccoman.c9users.io/" "Mozilla/5.0 (Windows NT 10.0; Win64; x64) AppleWebKit/537.36 (KHTML, like Gecko) Chrome/64.0.3282.140 Safari/537.36"
::ffff:10.240.0.185 - - [13/Feb/2018:12:06:10 +0000] "GET /api/calculate_exchange?base=USD&target=EUR&amount=14332 HTTP/1.1" 200 12 "https://coinwhipper-scaccoman.c9users.io/" "Mozilla/5.0 (Windows NT 10.0; Win64; x64) AppleWebKit/537.36 (KHTML, like Gecko) Chrome/64.0.3282.140 Safari/537.36"
::ffff:10.240.0.185 - - [13/Feb/2018:12:06:10 +0000] "GET /api/calculate_exchange?base=USD&target=EUR&amount=143324 HTTP/1.1" 200 18 "https://coinwhipper-scaccoman.c9users.io/" "Mozilla/5.0 (Windows NT 10.0; Win64; x64) AppleWebKit/537.36 (KHTML, like Gecko) Chrome/64.0.3282.140 Safari/537.36"
::ffff:10.240.0.185 - - [13/Feb/2018:12:06:10 +0000] "GET /api/stats HTTP/1.1" 200 1468 "https://coinwhipper-scaccoman.c9users.io/" "Mozilla/5.0 (Windows NT 10.0; Win64; x64) AppleWebKit/537.36 (KHTML, like Gecko) Chrome/64.0.3282.140 Safari/537.36"
::ffff:10.240.0.90 - - [13/Feb/2018:12:06:11 +0000] "GET /api/stats HTTP/1.1" 304 - "https://coinwhipper-scaccoman.c9users.io/" "Mozilla/5.0 (Windows NT 10.0; Win64; x64) AppleWebKit/537.36 (KHTML, like Gecko) Chrome/64.0.3282.140 Safari/537.36"
::ffff:10.240.1.97 - - [13/Feb/2018:12:06:11 +0000] "GET /api/stats HTTP/1.1" 304 - "https://coinwhipper-scaccoman.c9users.io/" "Mozilla/5.0 (Windows NT 10.0; Win64; x64) AppleWebKit/537.36 (KHTML, like Gecko) Chrome/64.0.3282.140 Safari/537.36"
::ffff:10.240.0.185 - - [13/Feb/2018:12:06:11 +0000] "GET /api/stats HTTP/1.1" 304 - "https://coinwhipper-scaccoman.c9users.io/" "Mozilla/5.0 (Windows NT 10.0; Win64; x64) AppleWebKit/537.36 (KHTML, like Gecko) Chrome/64.0.3282.140 Safari/537.36"
::ffff:10.240.0.222 - - [13/Feb/2018:12:06:23 +0000] "GET /api/calculate_exchange?base=USD&target=EUR&amount=1433243 HTTP/1.1" 200 14 "https://coinwhipper-scaccoman.c9users.io/" "Mozilla/5.0 (Windows NT 10.0; Win64; x64) AppleWebKit/537.36 (KHTML, like Gecko) Chrome/64.0.3282.140 Safari/537.36"
::ffff:10.240.0.88 - - [13/Feb/2018:12:06:23 +0000] "GET /api/calculate_exchange?base=USD&target=EUR&amount=14332432 HTTP/1.1" 200 18 "https://coinwhipper-scaccoman.c9users.io/" "Mozilla/5.0 (Windows NT 10.0; Win64; x64) AppleWebKit/537.36 (KHTML, like Gecko) Chrome/64.0.3282.140 Safari/537.36"
::ffff:10.240.0.87 - - [13/Feb/2018:12:06:23 +0000] "GET /api/calculate_exchange?base=USD&target=EUR&amount=143324324 HTTP/1.1" 200 16 "https://coinwhipper-scaccoman.c9users.io/" "Mozilla/5.0 (Windows NT 10.0; Win64; x64) AppleWebKit/537.36 (KHTML, like Gecko) Chrome/64.0.3282.140 Safari/537.36"
::ffff:10.240.1.220 - - [13/Feb/2018:12:06:23 +0000] "GET /api/stats HTTP/1.1" 200 1465 "https://coinwhipper-scaccoman.c9users.io/" "Mozilla/5.0 (Windows NT 10.0; Win64; x64) AppleWebKit/537.36 (KHTML, like Gecko) Chrome/64.0.3282.140 Safari/537.36"
::ffff:10.240.0.87 - - [13/Feb/2018:12:06:23 +0000] "GET /api/stats HTTP/1.1" 304 - "https://coinwhipper-scaccoman.c9users.io/" "Mozilla/5.0 (Windows NT 10.0; Win64; x64) AppleWebKit/537.36 (KHTML, like Gecko) Chrome/64.0.3282.140 Safari/537.36"
::ffff:10.240.0.87 - - [13/Feb/2018:12:06:24 +0000] "GET /api/stats HTTP/1.1" 304 - "https://coinwhipper-scaccoman.c9users.io/" "Mozilla/5.0 (Windows NT 10.0; Win64; x64) AppleWebKit/537.36 (KHTML, like Gecko) Chrome/64.0.3282.140 Safari/537.36"
::ffff:10.240.0.222 - - [13/Feb/2018:12:06:36 +0000] "GET / HTTP/1.1" 304 - "https://ide.c9.io/scaccoman/coinwhipper" "Mozilla/5.0 (Windows NT 10.0; Win64; x64) AppleWebKit/537.36 (KHTML, like Gecko) Chrome/64.0.3282.140 Safari/537.36"
::ffff:10.240.0.222 - - [13/Feb/2018:12:06:36 +0000] "GET /static/css/main.a6b6d2d1.css HTTP/1.1" 304 - "https://coinwhipper-scaccoman.c9users.io/" "Mozilla/5.0 (Windows NT 10.0; Win64; x64) AppleWebKit/537.36 (KHTML, like Gecko) Chrome/64.0.3282.140 Safari/537.36"
::ffff:10.240.0.90 - - [13/Feb/2018:12:06:37 +0000] "GET /style/style.css HTTP/1.1" 304 - "https://coinwhipper-scaccoman.c9users.io/" "Mozilla/5.0 (Windows NT 10.0; Win64; x64) AppleWebKit/537.36 (KHTML, like Gecko) Chrome/64.0.3282.140 Safari/537.36"
::ffff:10.240.0.185 - - [13/Feb/2018:12:06:37 +0000] "GET /static/js/main.38ecde94.js HTTP/1.1" 304 - "https://coinwhipper-scaccoman.c9users.io/" "Mozilla/5.0 (Windows NT 10.0; Win64; x64) AppleWebKit/537.36 (KHTML, like Gecko) Chrome/64.0.3282.140 Safari/537.36"
::ffff:10.240.0.90 - - [13/Feb/2018:12:06:37 +0000] "GET /static/css/main.a6b6d2d1.css.map HTTP/1.1" 304 - "-" "Mozilla/5.0 (Windows NT 10.0; Win64; x64) AppleWebKit/537.36 (KHTML, like Gecko) Chrome/64.0.3282.140 Safari/537.36"
::ffff:10.240.0.90 - - [13/Feb/2018:12:06:37 +0000] "GET /api/calculate_exchange?base=USD&target=EUR&amount=1 HTTP/1.1" 304 - "https://coinwhipper-scaccoman.c9users.io/" "Mozilla/5.0 (Windows NT 10.0; Win64; x64) AppleWebKit/537.36 (KHTML, like Gecko) Chrome/64.0.3282.140 Safari/537.36"
::ffff:10.240.1.189 - - [13/Feb/2018:12:06:37 +0000] "GET /api/stats HTTP/1.1" 200 1466 "https://coinwhipper-scaccoman.c9users.io/" "Mozilla/5.0 (Windows NT 10.0; Win64; x64) AppleWebKit/537.36 (KHTML, like Gecko) Chrome/64.0.3282.140 Safari/537.36"
::ffff:10.240.1.99 - - [13/Feb/2018:12:06:37 +0000] "GET /static/js/main.38ecde94.js.map HTTP/1.1" 304 - "-" "Mozilla/5.0 (Windows NT 10.0; Win64; x64) AppleWebKit/537.36 (KHTML, like Gecko) Chrome/64.0.3282.140 Safari/537.36"
::ffff:10.240.0.185 - - [13/Feb/2018:12:06:39 +0000] "GET /api/stats HTTP/1.1" 304 - "https://coinwhipper-scaccoman.c9users.io/" "Mozilla/5.0 (Windows NT 10.0; Win64; x64) AppleWebKit/537.36 (KHTML, like Gecko) Chrome/64.0.3282.140 Safari/537.36"
::ffff:10.240.1.189 - - [13/Feb/2018:12:06:39 +0000] "GET /api/stats HTTP/1.1" 304 - "https://coinwhipper-scaccoman.c9users.io/" "Mozilla/5.0 (Windows NT 10.0; Win64; x64) AppleWebKit/537.36 (KHTML, like Gecko) Chrome/64.0.3282.140 Safari/537.36"
::ffff:10.240.0.185 - - [13/Feb/2018:12:06:39 +0000] "GET /api/stats HTTP/1.1" 304 - "https://coinwhipper-scaccoman.c9users.io/" "Mozilla/5.0 (Windows NT 10.0; Win64; x64) AppleWebKit/537.36 (KHTML, like Gecko) Chrome/64.0.3282.140 Safari/537.36"
::ffff:10.240.1.220 - - [13/Feb/2018:12:06:40 +0000] "GET /api/stats HTTP/1.1" 304 - "https://coinwhipper-scaccoman.c9users.io/" "Mozilla/5.0 (Windows NT 10.0; Win64; x64) AppleWebKit/537.36 (KHTML, like Gecko) Chrome/64.0.3282.140 Safari/537.36"
::ffff:10.240.0.227 - - [13/Feb/2018:12:08:39 +0000] "GET /api/calculate_exchange?base=USD&target=EUR&amount=15 HTTP/1.1" - - "https://coinwhipper-scaccoman.c9users.io/" "Mozilla/5.0 (Windows NT 10.0; Win64; x64) AppleWebKit/537.36 (KHTML, like Gecko) Chrome/64.0.3282.140 Safari/537.36"
::ffff:10.240.0.222 - - [13/Feb/2018:12:08:39 +0000] "GET /api/calculate_exchange?base=USD&target=EUR&amount=156 HTTP/1.1" - - "https://coinwhipper-scaccoman.c9users.io/" "Mozilla/5.0 (Windows NT 10.0; Win64; x64) AppleWebKit/537.36 (KHTML, like Gecko) Chrome/64.0.3282.140 Safari/537.36"
::ffff:10.240.1.189 - - [13/Feb/2018:12:08:39 +0000] "GET /api/calculate_exchange?base=USD&target=EUR&amount=1564 HTTP/1.1" - - "https://coinwhipper-scaccoman.c9users.io/" "Mozilla/5.0 (Windows NT 10.0; Win64; x64) AppleWebKit/537.36 (KHTML, like Gecko) Chrome/64.0.3282.140 Safari/537.36"
::ffff:10.240.0.90 - - [13/Feb/2018:12:08:39 +0000] "GET /api/calculate_exchange?base=USD&target=EUR&amount=15646 HTTP/1.1" - - "https://coinwhipper-scaccoman.c9users.io/" "Mozilla/5.0 (Windows NT 10.0; Win64; x64) AppleWebKit/537.36 (KHTML, like Gecko) Chrome/64.0.3282.140 Safari/537.36"
::ffff:10.240.0.185 - - [13/Feb/2018:12:09:21 +0000] "GET /api/calculate_exchange?base=USD&target=EUR&amount=156462 HTTP/1.1" 200 18 "https://coinwhipper-scaccoman.c9users.io/" "Mozilla/5.0 (Windows NT 10.0; Win64; x64) AppleWebKit/537.36 (KHTML, like Gecko) Chrome/64.0.3282.140 Safari/537.36"
::ffff:10.240.0.185 - - [13/Feb/2018:12:09:21 +0000] "GET /api/calculate_exchange?base=USD&target=EUR&amount=15646234 HTTP/1.1" 200 15 "https://coinwhipper-scaccoman.c9users.io/" "Mozilla/5.0 (Windows NT 10.0; Win64; x64) AppleWebKit/537.36 (KHTML, like Gecko) Chrome/64.0.3282.140 Safari/537.36"
::ffff:10.240.1.220 - - [13/Feb/2018:12:09:22 +0000] "GET /api/calculate_exchange?base=USD&target=EUR&amount=156462342 HTTP/1.1" 200 16 "https://coinwhipper-scaccoman.c9users.io/" "Mozilla/5.0 (Windows NT 10.0; Win64; x64) AppleWebKit/537.36 (KHTML, like Gecko) Chrome/64.0.3282.140 Safari/537.36"
::ffff:10.240.0.222 - - [13/Feb/2018:12:09:22 +0000] "GET /api/calculate_exchange?base=USD&target=EUR&amount=1564623 HTTP/1.1" 200 14 "https://coinwhipper-scaccoman.c9users.io/" "Mozilla/5.0 (Windows NT 10.0; Win64; x64) AppleWebKit/537.36 (KHTML, like Gecko) Chrome/64.0.3282.140 Safari/537.36"
::ffff:10.240.0.88 - - [13/Feb/2018:12:09:22 +0000] "GET /api/calculate_exchange?base=USD&target=EUR&amount=1564623423 HTTP/1.1" 200 17 "https://coinwhipper-scaccoman.c9users.io/" "Mozilla/5.0 (Windows NT 10.0; Win64; x64) AppleWebKit/537.36 (KHTML, like Gecko) Chrome/64.0.3282.140 Safari/537.36"
::ffff:10.240.0.222 - - [13/Feb/2018:12:09:22 +0000] "GET /api/stats HTTP/1.1" 200 1466 "https://coinwhipper-scaccoman.c9users.io/" "Mozilla/5.0 (Windows NT 10.0; Win64; x64) AppleWebKit/537.36 (KHTML, like Gecko) Chrome/64.0.3282.140 Safari/537.36"
::ffff:10.240.0.222 - - [13/Feb/2018:12:09:22 +0000] "GET /api/stats HTTP/1.1" 304 - "https://coinwhipper-scaccoman.c9users.io/" "Mozilla/5.0 (Windows NT 10.0; Win64; x64) AppleWebKit/537.36 (KHTML, like Gecko) Chrome/64.0.3282.140 Safari/537.36"
::ffff:10.240.0.88 - - [13/Feb/2018:12:09:23 +0000] "GET /api/stats HTTP/1.1" 304 - "https://coinwhipper-scaccoman.c9users.io/" "Mozilla/5.0 (Windows NT 10.0; Win64; x64) AppleWebKit/537.36 (KHTML, like Gecko) Chrome/64.0.3282.140 Safari/537.36"
::ffff:10.240.1.97 - - [13/Feb/2018:12:09:23 +0000] "GET /api/stats HTTP/1.1" 304 - "https://coinwhipper-scaccoman.c9users.io/" "Mozilla/5.0 (Windows NT 10.0; Win64; x64) AppleWebKit/537.36 (KHTML, like Gecko) Chrome/64.0.3282.140 Safari/537.36"
::ffff:10.240.1.97 - - [13/Feb/2018:12:09:23 +0000] "GET /api/stats HTTP/1.1" 304 - "https://coinwhipper-scaccoman.c9users.io/" "Mozilla/5.0 (Windows NT 10.0; Win64; x64) AppleWebKit/537.36 (KHTML, like Gecko) Chrome/64.0.3282.140 Safari/537.36"
::ffff:10.240.1.189 - - [13/Feb/2018:12:09:26 +0000] "GET /api/calculate_exchange?base=USD&target=EUR&amount= HTTP/1.1" 304 - "https://coinwhipper-scaccoman.c9users.io/" "Mozilla/5.0 (Windows NT 10.0; Win64; x64) AppleWebKit/537.36 (KHTML, like Gecko) Chrome/64.0.3282.140 Safari/537.36"
::ffff:10.240.0.227 - - [13/Feb/2018:12:09:27 +0000] "GET /api/stats HTTP/1.1" 200 1466 "https://coinwhipper-scaccoman.c9users.io/" "Mozilla/5.0 (Windows NT 10.0; Win64; x64) AppleWebKit/537.36 (KHTML, like Gecko) Chrome/64.0.3282.140 Safari/537.36"
::ffff:10.240.0.222 - - [13/Feb/2018:12:09:27 +0000] "GET / HTTP/1.1" 200 472 "https://ide.c9.io/scaccoman/coinwhipper" "Mozilla/5.0 (Windows NT 10.0; Win64; x64) AppleWebKit/537.36 (KHTML, like Gecko) Chrome/64.0.3282.140 Safari/537.36"
::ffff:10.240.1.97 - - [13/Feb/2018:12:09:27 +0000] "GET /style/style.css HTTP/1.1" 200 1270 "https://coinwhipper-scaccoman.c9users.io/" "Mozilla/5.0 (Windows NT 10.0; Win64; x64) AppleWebKit/537.36 (KHTML, like Gecko) Chrome/64.0.3282.140 Safari/537.36"
::ffff:10.240.0.222 - - [13/Feb/2018:12:09:27 +0000] "GET /static/css/main.a6b6d2d1.css HTTP/1.1" 200 8585 "https://coinwhipper-scaccoman.c9users.io/" "Mozilla/5.0 (Windows NT 10.0; Win64; x64) AppleWebKit/537.36 (KHTML, like Gecko) Chrome/64.0.3282.140 Safari/537.36"
::ffff:10.240.0.222 - - [13/Feb/2018:12:09:27 +0000] "GET /static/js/main.38ecde94.js HTTP/1.1" 200 261265 "https://coinwhipper-scaccoman.c9users.io/" "Mozilla/5.0 (Windows NT 10.0; Win64; x64) AppleWebKit/537.36 (KHTML, like Gecko) Chrome/64.0.3282.140 Safari/537.36"
::ffff:10.240.1.97 - - [13/Feb/2018:12:09:28 +0000] "GET /static/css/main.a6b6d2d1.css.map HTTP/1.1" 304 - "-" "Mozilla/5.0 (Windows NT 10.0; Win64; x64) AppleWebKit/537.36 (KHTML, like Gecko) Chrome/64.0.3282.140 Safari/537.36"
